-- Install configuration: ""
-- Up-to-date: /home/nour-mahgoub/Graduation_Rafeeq/install/rafeeq_bringup/share/rafeeq_bringup/launch
-- Up-to-date: /home/nour-mahgoub/Graduation_Rafeeq/install/rafeeq_bringup/share/rafeeq_bringup/launch/rafeeq_navigation.launch.py
-- Up-to-date: /home/nour-mahgoub/Graduation_Rafeeq/install/rafeeq_bringup/share/rafeeq_bringup/scripts
-- Up-to-date: /home/nour-mahgoub/Graduation_Rafeeq/install/rafeeq_bringup/share/rafeeq_bringup/scripts/rafeeq_gazebo.sh
-- Up-to-date: /home/nour-mahgoub/Graduation_Rafeeq/install/rafeeq_bringup/share/rafeeq_bringup/scripts/rafeeq_navigation.sh
-- Up-to-date: /home/nour-mahgoub/Graduation_Rafeeq/install/rafeeq_bringup/share/ament_index/resource_index/package_run_dependencies/rafeeq_bringup
-- Up-to-date: /home/nour-mahgoub/Graduation_Rafeeq/install/rafeeq_bringup/share/ament_index/resource_index/parent_prefix_path/rafeeq_bringup
-- Up-to-date: /home/nour-mahgoub/Graduation_Rafeeq/install/rafeeq_bringup/share/rafeeq_bringup/environment/ament_prefix_path.sh
-- Up-to-date: /home/nour-mahgoub/Graduation_Rafeeq/install/rafeeq_bringup/share/rafeeq_bringup/environment/ament_prefix_path.dsv
-- Up-to-date: /home/nour-mahgoub/Graduation_Rafeeq/install/rafeeq_bringup/share/rafeeq_bringup/environment/path.sh
-- Up-to-date: /home/nour-mahgoub/Graduation_Rafeeq/install/rafeeq_bringup/share/rafeeq_bringup/environment/path.dsv
-- Up-to-date: /home/nour-mahgoub/Graduation_Rafeeq/install/rafeeq_bringup/share/rafeeq_bringup/local_setup.bash
-- Up-to-date: /home/nour-mahgoub/Graduation_Rafeeq/install/rafeeq_bringup/share/rafeeq_bringup/local_setup.sh
-- Up-to-date: /home/nour-mahgoub/Graduation_Rafeeq/install/rafeeq_bringup/share/rafeeq_bringup/local_setup.zsh
-- Up-to-date: /home/nour-mahgoub/Graduation_Rafeeq/install/rafeeq_bringup/share/rafeeq_bringup/local_setup.dsv
-- Installing: /home/nour-mahgoub/Graduation_Rafeeq/install/rafeeq_bringup/share/rafeeq_bringup/package.dsv
-- Up-to-date: /home/nour-mahgoub/Graduation_Rafeeq/install/rafeeq_bringup/share/ament_index/resource_index/packages/rafeeq_bringup
-- Up-to-date: /home/nour-mahgoub/Graduation_Rafeeq/install/rafeeq_bringup/share/rafeeq_bringup/cmake/rafeeq_bringupConfig.cmake
-- Up-to-date: /home/nour-mahgoub/Graduation_Rafeeq/install/rafeeq_bringup/share/rafeeq_bringup/cmake/rafeeq_bringupConfig-version.cmake
-- Up-to-date: /home/nour-mahgoub/Graduation_Rafeeq/install/rafeeq_bringup/share/rafeeq_bringup/package.xml
