[0.036s] Invoking command in '/home/nour-mahgoub/Graduation_Rafeeq/build/rafeeq_bringup': CMAKE_PREFIX_PATH=${CMAKE_PREFIX_PATH}:/opt/ros/jazzy DEBUGINFOD_URLS=https://debuginfod.ubuntu.com /usr/bin/cmake /home/nour-mahgoub/Graduation_Rafeeq/src/rafeeq_bringup -DCMAKE_INSTALL_PREFIX=/home/nour-mahgoub/Graduation_Rafeeq/install/rafeeq_bringup
[0.380s] -- Found ament_cmake: 2.5.6 (/opt/ros/jazzy/share/ament_cmake/cmake)
[0.380s] -- Override CMake install command with custom implementation using symlinks instead of copying resources
[0.380s] -- Found ament_lint_auto: 0.17.5 (/opt/ros/jazzy/share/ament_lint_auto/cmake)
[0.380s] -- Added test 'flake8' to check Python code syntax and style conventions
[0.381s] -- Configured 'flake8' exclude dirs and/or files: 
[0.381s] -- Added test 'lint_cmake' to check CMake code style
[0.381s] -- Added test 'pep257' to check Python code against some of the docstring style conventions in PEP 257
[0.381s] -- Added test 'xmllint' to check XML markup files
[0.381s] -- Configuring done (0.3s)
[0.381s] -- Generating done (0.0s)
[0.382s] -- Build files have been written to: /home/nour-mahgoub/Graduation_Rafeeq/build/rafeeq_bringup
[0.386s] Invoked command in '/home/nour-mahgoub/Graduation_Rafeeq/build/rafeeq_bringup' returned '0': CMAKE_PREFIX_PATH=${CMAKE_PREFIX_PATH}:/opt/ros/jazzy DEBUGINFOD_URLS=https://debuginfod.ubuntu.com /usr/bin/cmake /home/nour-mahgoub/Graduation_Rafeeq/src/rafeeq_bringup -DCMAKE_INSTALL_PREFIX=/home/nour-mahgoub/Graduation_Rafeeq/install/rafeeq_bringup
[0.386s] Invoking command in '/home/nour-mahgoub/Graduation_Rafeeq/build/rafeeq_bringup': CMAKE_PREFIX_PATH=${CMAKE_PREFIX_PATH}:/opt/ros/jazzy DEBUGINFOD_URLS=https://debuginfod.ubuntu.com /usr/bin/cmake --build /home/nour-mahgoub/Graduation_Rafeeq/build/rafeeq_bringup -- -j20 -l20
[0.397s] Invoked command in '/home/nour-mahgoub/Graduation_Rafeeq/build/rafeeq_bringup' returned '0': CMAKE_PREFIX_PATH=${CMAKE_PREFIX_PATH}:/opt/ros/jazzy DEBUGINFOD_URLS=https://debuginfod.ubuntu.com /usr/bin/cmake --build /home/nour-mahgoub/Graduation_Rafeeq/build/rafeeq_bringup -- -j20 -l20
[0.400s] Invoking command in '/home/nour-mahgoub/Graduation_Rafeeq/build/rafeeq_bringup': CMAKE_PREFIX_PATH=${CMAKE_PREFIX_PATH}:/opt/ros/jazzy DEBUGINFOD_URLS=https://debuginfod.ubuntu.com /usr/bin/cmake --install /home/nour-mahgoub/Graduation_Rafeeq/build/rafeeq_bringup
[0.403s] -- Install configuration: ""
[0.403s] -- Execute custom install script
[0.403s] -- Up-to-date symlink: /home/nour-mahgoub/Graduation_Rafeeq/install/rafeeq_bringup/share/rafeeq_bringup/launch/lidar.launch.py
[0.403s] -- Up-to-date symlink: /home/nour-mahgoub/Graduation_Rafeeq/install/rafeeq_bringup/share/rafeeq_bringup/launch/navigation_launch.py
[0.404s] -- Up-to-date symlink: /home/nour-mahgoub/Graduation_Rafeeq/install/rafeeq_bringup/share/rafeeq_bringup/launch/rafeeq_navigation.launch.py
[0.404s] -- Up-to-date symlink: /home/nour-mahgoub/Graduation_Rafeeq/install/rafeeq_bringup/share/rafeeq_bringup/scripts/rafeeq_gazebo.sh
[0.404s] -- Up-to-date symlink: /home/nour-mahgoub/Graduation_Rafeeq/install/rafeeq_bringup/share/rafeeq_bringup/scripts/rafeeq_navigation.sh
[0.404s] -- Up-to-date symlink: /home/nour-mahgoub/Graduation_Rafeeq/install/rafeeq_bringup/share/ament_index/resource_index/package_run_dependencies/rafeeq_bringup
[0.404s] -- Up-to-date symlink: /home/nour-mahgoub/Graduation_Rafeeq/install/rafeeq_bringup/share/ament_index/resource_index/parent_prefix_path/rafeeq_bringup
[0.404s] -- Up-to-date symlink: /home/nour-mahgoub/Graduation_Rafeeq/install/rafeeq_bringup/share/rafeeq_bringup/environment/ament_prefix_path.sh
[0.404s] -- Up-to-date symlink: /home/nour-mahgoub/Graduation_Rafeeq/install/rafeeq_bringup/share/rafeeq_bringup/environment/ament_prefix_path.dsv
[0.404s] -- Up-to-date symlink: /home/nour-mahgoub/Graduation_Rafeeq/install/rafeeq_bringup/share/rafeeq_bringup/environment/path.sh
[0.404s] -- Up-to-date symlink: /home/nour-mahgoub/Graduation_Rafeeq/install/rafeeq_bringup/share/rafeeq_bringup/environment/path.dsv
[0.404s] -- Up-to-date symlink: /home/nour-mahgoub/Graduation_Rafeeq/install/rafeeq_bringup/share/rafeeq_bringup/local_setup.bash
[0.405s] -- Up-to-date symlink: /home/nour-mahgoub/Graduation_Rafeeq/install/rafeeq_bringup/share/rafeeq_bringup/local_setup.sh
[0.405s] -- Up-to-date symlink: /home/nour-mahgoub/Graduation_Rafeeq/install/rafeeq_bringup/share/rafeeq_bringup/local_setup.zsh
[0.405s] -- Up-to-date symlink: /home/nour-mahgoub/Graduation_Rafeeq/install/rafeeq_bringup/share/rafeeq_bringup/local_setup.dsv
[0.405s] -- Symlinking: /home/nour-mahgoub/Graduation_Rafeeq/install/rafeeq_bringup/share/rafeeq_bringup/package.dsv
[0.407s] -- Up-to-date symlink: /home/nour-mahgoub/Graduation_Rafeeq/install/rafeeq_bringup/share/ament_index/resource_index/packages/rafeeq_bringup
[0.407s] -- Up-to-date symlink: /home/nour-mahgoub/Graduation_Rafeeq/install/rafeeq_bringup/share/rafeeq_bringup/cmake/rafeeq_bringupConfig.cmake
[0.407s] -- Up-to-date symlink: /home/nour-mahgoub/Graduation_Rafeeq/install/rafeeq_bringup/share/rafeeq_bringup/cmake/rafeeq_bringupConfig-version.cmake
[0.408s] -- Up-to-date symlink: /home/nour-mahgoub/Graduation_Rafeeq/install/rafeeq_bringup/share/rafeeq_bringup/package.xml
[0.409s] Invoked command in '/home/nour-mahgoub/Graduation_Rafeeq/build/rafeeq_bringup' returned '0': CMAKE_PREFIX_PATH=${CMAKE_PREFIX_PATH}:/opt/ros/jazzy DEBUGINFOD_URLS=https://debuginfod.ubuntu.com /usr/bin/cmake --install /home/nour-mahgoub/Graduation_Rafeeq/build/rafeeq_bringup
