-- Install configuration: ""
-- Up-to-date: /home/nour-mahgoub/Graduation_Rafeeq/install/rafeeq_slam/share/rafeeq_slam//launch
-- Up-to-date: /home/nour-mahgoub/Graduation_Rafeeq/install/rafeeq_slam/share/rafeeq_slam//launch/slam.launch.py
-- Up-to-date: /home/nour-mahgoub/Graduation_Rafeeq/install/rafeeq_slam/share/rafeeq_slam//config
-- Up-to-date: /home/nour-mahgoub/Graduation_Rafeeq/install/rafeeq_slam/share/rafeeq_slam//config/rviz_config.yaml
-- Installing: /home/nour-mahgoub/Graduation_Rafeeq/install/rafeeq_slam/share/rafeeq_slam//config/slam_param_config.yaml
-- Up-to-date: /home/nour-mahgoub/Graduation_Rafeeq/install/rafeeq_slam/share/rafeeq_slam//maps
-- Up-to-date: /home/nour-mahgoub/Graduation_Rafeeq/install/rafeeq_slam/share/ament_index/resource_index/package_run_dependencies/rafeeq_slam
-- Up-to-date: /home/nour-mahgoub/Graduation_Rafeeq/install/rafeeq_slam/share/ament_index/resource_index/parent_prefix_path/rafeeq_slam
-- Up-to-date: /home/nour-mahgoub/Graduation_Rafeeq/install/rafeeq_slam/share/rafeeq_slam/environment/ament_prefix_path.sh
-- Up-to-date: /home/nour-mahgoub/Graduation_Rafeeq/install/rafeeq_slam/share/rafeeq_slam/environment/ament_prefix_path.dsv
-- Up-to-date: /home/nour-mahgoub/Graduation_Rafeeq/install/rafeeq_slam/share/rafeeq_slam/environment/path.sh
-- Up-to-date: /home/nour-mahgoub/Graduation_Rafeeq/install/rafeeq_slam/share/rafeeq_slam/environment/path.dsv
-- Up-to-date: /home/nour-mahgoub/Graduation_Rafeeq/install/rafeeq_slam/share/rafeeq_slam/local_setup.bash
-- Up-to-date: /home/nour-mahgoub/Graduation_Rafeeq/install/rafeeq_slam/share/rafeeq_slam/local_setup.sh
-- Up-to-date: /home/nour-mahgoub/Graduation_Rafeeq/install/rafeeq_slam/share/rafeeq_slam/local_setup.zsh
-- Up-to-date: /home/nour-mahgoub/Graduation_Rafeeq/install/rafeeq_slam/share/rafeeq_slam/local_setup.dsv
-- Installing: /home/nour-mahgoub/Graduation_Rafeeq/install/rafeeq_slam/share/rafeeq_slam/package.dsv
-- Up-to-date: /home/nour-mahgoub/Graduation_Rafeeq/install/rafeeq_slam/share/ament_index/resource_index/packages/rafeeq_slam
-- Up-to-date: /home/nour-mahgoub/Graduation_Rafeeq/install/rafeeq_slam/share/rafeeq_slam/cmake/rafeeq_slamConfig.cmake
-- Up-to-date: /home/nour-mahgoub/Graduation_Rafeeq/install/rafeeq_slam/share/rafeeq_slam/cmake/rafeeq_slamConfig-version.cmake
-- Up-to-date: /home/nour-mahgoub/Graduation_Rafeeq/install/rafeeq_slam/share/rafeeq_slam/package.xml
