[0.243s] Invoking command in '/home/nour-mahgoub/Graduation_Rafeeq/build/rafeeq_localization': CMAKE_PREFIX_PATH=${CMAKE_PREFIX_PATH}:/opt/ros/jazzy DEBUGINFOD_URLS=https://debuginfod.ubuntu.com /usr/bin/cmake --build /home/nour-mahgoub/Graduation_Rafeeq/build/rafeeq_localization -- -j20 -l20
[0.385s] Invoked command in '/home/nour-mahgoub/Graduation_Rafeeq/build/rafeeq_localization' returned '0': CMAKE_PREFIX_PATH=${CMAKE_PREFIX_PATH}:/opt/ros/jazzy DEBUGINFOD_URLS=https://debuginfod.ubuntu.com /usr/bin/cmake --build /home/nour-mahgoub/Graduation_Rafeeq/build/rafeeq_localization -- -j20 -l20
[0.387s] Invoking command in '/home/nour-mahgoub/Graduation_Rafeeq/build/rafeeq_localization': CMAKE_PREFIX_PATH=${CMAKE_PREFIX_PATH}:/opt/ros/jazzy DEBUGINFOD_URLS=https://debuginfod.ubuntu.com /usr/bin/cmake --install /home/nour-mahgoub/Graduation_Rafeeq/build/rafeeq_localization
[0.389s] -- Install configuration: ""
[0.390s] -- Up-to-date: /home/nour-mahgoub/Graduation_Rafeeq/install/rafeeq_localization/share/rafeeq_localization/config
[0.390s] -- Up-to-date: /home/nour-mahgoub/Graduation_Rafeeq/install/rafeeq_localization/share/rafeeq_localization/config/ekf.yaml
[0.390s] -- Up-to-date: /home/nour-mahgoub/Graduation_Rafeeq/install/rafeeq_localization/share/rafeeq_localization/launch
[0.390s] -- Up-to-date: /home/nour-mahgoub/Graduation_Rafeeq/install/rafeeq_localization/share/rafeeq_localization/launch/ekf_gazebo.launch.py
[0.391s] -- Up-to-date: /home/nour-mahgoub/Graduation_Rafeeq/install/rafeeq_localization/share/ament_index/resource_index/package_run_dependencies/rafeeq_localization
[0.391s] -- Up-to-date: /home/nour-mahgoub/Graduation_Rafeeq/install/rafeeq_localization/share/ament_index/resource_index/parent_prefix_path/rafeeq_localization
[0.391s] -- Up-to-date: /home/nour-mahgoub/Graduation_Rafeeq/install/rafeeq_localization/share/rafeeq_localization/environment/ament_prefix_path.sh
[0.391s] -- Up-to-date: /home/nour-mahgoub/Graduation_Rafeeq/install/rafeeq_localization/share/rafeeq_localization/environment/ament_prefix_path.dsv
[0.391s] -- Up-to-date: /home/nour-mahgoub/Graduation_Rafeeq/install/rafeeq_localization/share/rafeeq_localization/environment/path.sh
[0.391s] -- Up-to-date: /home/nour-mahgoub/Graduation_Rafeeq/install/rafeeq_localization/share/rafeeq_localization/environment/path.dsv
[0.392s] -- Up-to-date: /home/nour-mahgoub/Graduation_Rafeeq/install/rafeeq_localization/share/rafeeq_localization/local_setup.bash
[0.392s] -- Up-to-date: /home/nour-mahgoub/Graduation_Rafeeq/install/rafeeq_localization/share/rafeeq_localization/local_setup.sh
[0.393s] -- Up-to-date: /home/nour-mahgoub/Graduation_Rafeeq/install/rafeeq_localization/share/rafeeq_localization/local_setup.zsh
[0.393s] -- Up-to-date: /home/nour-mahgoub/Graduation_Rafeeq/install/rafeeq_localization/share/rafeeq_localization/local_setup.dsv
[0.393s] -- Installing: /home/nour-mahgoub/Graduation_Rafeeq/install/rafeeq_localization/share/rafeeq_localization/package.dsv
[0.393s] -- Up-to-date: /home/nour-mahgoub/Graduation_Rafeeq/install/rafeeq_localization/share/ament_index/resource_index/packages/rafeeq_localization
[0.393s] -- Up-to-date: /home/nour-mahgoub/Graduation_Rafeeq/install/rafeeq_localization/share/rafeeq_localization/cmake/rafeeq_localizationConfig.cmake
[0.393s] -- Up-to-date: /home/nour-mahgoub/Graduation_Rafeeq/install/rafeeq_localization/share/rafeeq_localization/cmake/rafeeq_localizationConfig-version.cmake
[0.393s] -- Up-to-date: /home/nour-mahgoub/Graduation_Rafeeq/install/rafeeq_localization/share/rafeeq_localization/package.xml
[0.395s] Invoked command in '/home/nour-mahgoub/Graduation_Rafeeq/build/rafeeq_localization' returned '0': CMAKE_PREFIX_PATH=${CMAKE_PREFIX_PATH}:/opt/ros/jazzy DEBUGINFOD_URLS=https://debuginfod.ubuntu.com /usr/bin/cmake --install /home/nour-mahgoub/Graduation_Rafeeq/build/rafeeq_localization
