[2.363s] Invoking command in '/home/nour-mahgoub/Graduation_Rafeeq/src/serial_node': DEBUGINFOD_URLS=https://debuginfod.ubuntu.com PYTHONPATH=/home/nour-mahgoub/Graduation_Rafeeq/build/serial_node/prefix_override:/usr/lib/python3/dist-packages/colcon_core/task/python/colcon_distutils_commands:/home/nour-mahgoub/Graduation_Rafeeq/install/serial_node/lib/python3.12/site-packages:${PYTHONPATH} /usr/bin/python3 -W ignore:setup.py install is deprecated -W ignore:easy_install command is deprecated setup.py egg_info --egg-base ../../build/serial_node build --build-base /home/nour-mahgoub/Graduation_Rafeeq/build/serial_node/build install --record /home/nour-mahgoub/Graduation_Rafeeq/build/serial_node/install.log --single-version-externally-managed install_data
[2.957s] running egg_info
[3.004s] writing ../../build/serial_node/serial_node.egg-info/PKG-INFO
[3.009s] writing dependency_links to ../../build/serial_node/serial_node.egg-info/dependency_links.txt
[3.009s] writing entry points to ../../build/serial_node/serial_node.egg-info/entry_points.txt
[3.009s] writing requirements to ../../build/serial_node/serial_node.egg-info/requires.txt
[3.010s] writing top-level names to ../../build/serial_node/serial_node.egg-info/top_level.txt
[3.105s] reading manifest file '../../build/serial_node/serial_node.egg-info/SOURCES.txt'
[3.106s] writing manifest file '../../build/serial_node/serial_node.egg-info/SOURCES.txt'
[3.107s] running build
[3.107s] running build_py
[3.108s] running install
[3.118s] running install_lib
[3.168s] running install_data
[3.169s] running install_egg_info
[3.218s] removing '/home/nour-mahgoub/Graduation_Rafeeq/install/serial_node/lib/python3.12/site-packages/serial_node-0.0.0-py3.12.egg-info' (and everything under it)
[3.220s] Copying ../../build/serial_node/serial_node.egg-info to /home/nour-mahgoub/Graduation_Rafeeq/install/serial_node/lib/python3.12/site-packages/serial_node-0.0.0-py3.12.egg-info
[3.222s] running install_scripts
[3.528s] Installing serial_bridge script to /home/nour-mahgoub/Graduation_Rafeeq/install/serial_node/lib/serial_node
[3.529s] writing list of installed files to '/home/nour-mahgoub/Graduation_Rafeeq/build/serial_node/install.log'
[3.577s] Invoked command in '/home/nour-mahgoub/Graduation_Rafeeq/src/serial_node' returned '0': DEBUGINFOD_URLS=https://debuginfod.ubuntu.com PYTHONPATH=/home/nour-mahgoub/Graduation_Rafeeq/build/serial_node/prefix_override:/usr/lib/python3/dist-packages/colcon_core/task/python/colcon_distutils_commands:/home/nour-mahgoub/Graduation_Rafeeq/install/serial_node/lib/python3.12/site-packages:${PYTHONPATH} /usr/bin/python3 -W ignore:setup.py install is deprecated -W ignore:easy_install command is deprecated setup.py egg_info --egg-base ../../build/serial_node build --build-base /home/nour-mahgoub/Graduation_Rafeeq/build/serial_node/build install --record /home/nour-mahgoub/Graduation_Rafeeq/build/serial_node/install.log --single-version-externally-managed install_data
