-- Found ament_cmake: 2.5.6 (/opt/ros/jazzy/share/ament_cmake/cmake)
-- Override CMake install command with custom implementation using symlinks instead of copying resources
-- Found rclcpp_components: 28.1.18 (/opt/ros/jazzy/share/rclcpp_components/cmake)
-- Found rosidl_generator_c: 4.6.7 (/opt/ros/jazzy/share/rosidl_generator_c/cmake)
-- Found rosidl_generator_cpp: 4.6.7 (/opt/ros/jazzy/share/rosidl_generator_cpp/cmake)
-- Using all available rosidl_typesupport_c: rosidl_typesupport_fastrtps_c;rosidl_typesupport_introspection_c
-- Using all available rosidl_typesupport_cpp: rosidl_typesupport_fastrtps_cpp;rosidl_typesupport_introspection_cpp
-- Found rmw_implementation_cmake: 7.3.3 (/opt/ros/jazzy/share/rmw_implementation_cmake/cmake)
-- Found rmw_cyclonedds_cpp: 2.2.3 (/opt/ros/jazzy/share/rmw_cyclonedds_cpp/cmake)
-- Using RMW implementation 'rmw_cyclonedds_cpp' as default
-- Found sensor_msgs: 5.3.7 (/opt/ros/jazzy/share/sensor_msgs/cmake)
-- Found cv_bridge: 4.1.0 (/opt/ros/jazzy/share/cv_bridge/cmake)
-- Found image_transport: 5.1.7 (/opt/ros/jazzy/share/image_transport/cmake)
-- Found TinyXML2 via Config file: /usr/lib/x86_64-linux-gnu/cmake/tinyxml2
-- Found depth_image_proc: 5.0.11 (/opt/ros/jazzy/share/depth_image_proc/cmake)
-- Setting yaml-cpp_DIR to: '/opt/ros/jazzy/share/yaml_cpp_vendor/cmake/../../../opt/yaml_cpp_vendor/share/cmake/yaml-cpp'
-- Found eigen3_cmake_module: 0.3.0 (/opt/ros/jazzy/share/eigen3_cmake_module/cmake)
-- Ensuring Eigen3 include directory is part of orocos-kdl CMake target
-- Found camera_info_manager: 5.1.7 (/opt/ros/jazzy/share/camera_info_manager/cmake)
-- Configuring done (0.7s)
-- Generating done (0.0s)
-- Build files have been written to: /home/nour-mahgoub/Graduation_Rafeeq/build/kinect_ros2
[ 50%] Built target kinect_ros2_component
[100%] Built target kinect_ros2_node
-- Install configuration: ""
-- Execute custom install script
-- Up-to-date symlink: /home/nour-mahgoub/Graduation_Rafeeq/install/kinect_ros2/lib/libkinect_ros2_component.so
-- Up-to-date symlink: /home/nour-mahgoub/Graduation_Rafeeq/install/kinect_ros2/lib/kinect_ros2/kinect_ros2_node
-- Up-to-date symlink: /home/nour-mahgoub/Graduation_Rafeeq/install/kinect_ros2/share/kinect_ros2/cfg/calibration_depth.yaml
-- Up-to-date symlink: /home/nour-mahgoub/Graduation_Rafeeq/install/kinect_ros2/share/kinect_ros2/cfg/calibration_rgb.yaml
-- Up-to-date symlink: /home/nour-mahgoub/Graduation_Rafeeq/install/kinect_ros2/share/kinect_ros2/launch/pointcloud.launch.py
-- Up-to-date symlink: /home/nour-mahgoub/Graduation_Rafeeq/install/kinect_ros2/share/kinect_ros2/launch/showimage.launch.py
-- Up-to-date symlink: /home/nour-mahgoub/Graduation_Rafeeq/install/kinect_ros2/share/kinect_ros2/rviz/pointcloud.rviz
-- Up-to-date symlink: /home/nour-mahgoub/Graduation_Rafeeq/install/kinect_ros2/share/ament_index/resource_index/package_run_dependencies/kinect_ros2
-- Up-to-date symlink: /home/nour-mahgoub/Graduation_Rafeeq/install/kinect_ros2/share/ament_index/resource_index/parent_prefix_path/kinect_ros2
-- Up-to-date symlink: /home/nour-mahgoub/Graduation_Rafeeq/install/kinect_ros2/share/kinect_ros2/environment/ament_prefix_path.sh
-- Up-to-date symlink: /home/nour-mahgoub/Graduation_Rafeeq/install/kinect_ros2/share/kinect_ros2/environment/ament_prefix_path.dsv
-- Up-to-date symlink: /home/nour-mahgoub/Graduation_Rafeeq/install/kinect_ros2/share/kinect_ros2/environment/path.sh
-- Up-to-date symlink: /home/nour-mahgoub/Graduation_Rafeeq/install/kinect_ros2/share/kinect_ros2/environment/path.dsv
-- Up-to-date symlink: /home/nour-mahgoub/Graduation_Rafeeq/install/kinect_ros2/share/kinect_ros2/local_setup.bash
-- Up-to-date symlink: /home/nour-mahgoub/Graduation_Rafeeq/install/kinect_ros2/share/kinect_ros2/local_setup.sh
-- Up-to-date symlink: /home/nour-mahgoub/Graduation_Rafeeq/install/kinect_ros2/share/kinect_ros2/local_setup.zsh
-- Up-to-date symlink: /home/nour-mahgoub/Graduation_Rafeeq/install/kinect_ros2/share/kinect_ros2/local_setup.dsv
-- Symlinking: /home/nour-mahgoub/Graduation_Rafeeq/install/kinect_ros2/share/kinect_ros2/package.dsv
-- Up-to-date symlink: /home/nour-mahgoub/Graduation_Rafeeq/install/kinect_ros2/share/ament_index/resource_index/packages/kinect_ros2
-- Up-to-date symlink: /home/nour-mahgoub/Graduation_Rafeeq/install/kinect_ros2/share/ament_index/resource_index/rclcpp_components/kinect_ros2
-- Up-to-date symlink: /home/nour-mahgoub/Graduation_Rafeeq/install/kinect_ros2/share/kinect_ros2/cmake/kinect_ros2Config.cmake
-- Up-to-date symlink: /home/nour-mahgoub/Graduation_Rafeeq/install/kinect_ros2/share/kinect_ros2/cmake/kinect_ros2Config-version.cmake
-- Up-to-date symlink: /home/nour-mahgoub/Graduation_Rafeeq/install/kinect_ros2/share/kinect_ros2/package.xml
