[0.401s] Invoking command in '/home/nour-mahgoub/Graduation_Rafeeq/build/usb_cam': CMAKE_PREFIX_PATH=${CMAKE_PREFIX_PATH}:/opt/ros/jazzy DEBUGINFOD_URLS=https://debuginfod.ubuntu.com /usr/bin/cmake --build /home/nour-mahgoub/Graduation_Rafeeq/build/usb_cam -- -j20 -l20
[0.431s] [ 21%] Built target gtest
[0.431s] [ 28%] Built target usb_cam
[0.432s] [ 42%] Built target gtest_main
[0.434s] [ 57%] Built target usb_cam_node_exe
[0.449s] [ 71%] Built target test_pixel_formats
[0.449s] [ 85%] Built target test_usb_cam_utils
[0.449s] [100%] Built target usb_cam_node
[0.482s] Invoked command in '/home/nour-mahgoub/Graduation_Rafeeq/build/usb_cam' returned '0': CMAKE_PREFIX_PATH=${CMAKE_PREFIX_PATH}:/opt/ros/jazzy DEBUGINFOD_URLS=https://debuginfod.ubuntu.com /usr/bin/cmake --build /home/nour-mahgoub/Graduation_Rafeeq/build/usb_cam -- -j20 -l20
[0.483s] Invoking command in '/home/nour-mahgoub/Graduation_Rafeeq/build/usb_cam': CMAKE_PREFIX_PATH=${CMAKE_PREFIX_PATH}:/opt/ros/jazzy DEBUGINFOD_URLS=https://debuginfod.ubuntu.com /usr/bin/cmake --install /home/nour-mahgoub/Graduation_Rafeeq/build/usb_cam
[0.489s] -- Install configuration: ""
[0.490s] -- Execute custom install script
[0.491s] -- Up-to-date symlink: /home/nour-mahgoub/Graduation_Rafeeq/install/usb_cam/share/usb_cam/environment/library_path.sh
[0.492s] -- Up-to-date symlink: /home/nour-mahgoub/Graduation_Rafeeq/install/usb_cam/share/usb_cam/environment/library_path.dsv
[0.494s] -- Up-to-date symlink: /home/nour-mahgoub/Graduation_Rafeeq/install/usb_cam/lib/usb_cam/usb_cam_node_exe
[0.494s] -- Up-to-date symlink: /home/nour-mahgoub/Graduation_Rafeeq/install/usb_cam/lib/usb_cam/show_image.py
[0.494s] -- Up-to-date symlink: /home/nour-mahgoub/Graduation_Rafeeq/install/usb_cam/lib/libusb_cam.so
[0.495s] -- Up-to-date symlink: /home/nour-mahgoub/Graduation_Rafeeq/install/usb_cam/lib/libusb_cam_node.so
[0.496s] -- Up-to-date symlink: /home/nour-mahgoub/Graduation_Rafeeq/install/usb_cam/include/usb_cam/constants.hpp
[0.496s] -- Up-to-date symlink: /home/nour-mahgoub/Graduation_Rafeeq/install/usb_cam/include/usb_cam/conversions.hpp
[0.496s] -- Up-to-date symlink: /home/nour-mahgoub/Graduation_Rafeeq/install/usb_cam/include/usb_cam/formats/av_pixel_format_helper.hpp
[0.496s] -- Up-to-date symlink: /home/nour-mahgoub/Graduation_Rafeeq/install/usb_cam/include/usb_cam/formats/m420.hpp
[0.496s] -- Up-to-date symlink: /home/nour-mahgoub/Graduation_Rafeeq/install/usb_cam/include/usb_cam/formats/mjpeg.hpp
[0.497s] -- Up-to-date symlink: /home/nour-mahgoub/Graduation_Rafeeq/install/usb_cam/include/usb_cam/formats/mono.hpp
[0.497s] -- Up-to-date symlink: /home/nour-mahgoub/Graduation_Rafeeq/install/usb_cam/include/usb_cam/formats/pixel_format_base.hpp
[0.497s] -- Up-to-date symlink: /home/nour-mahgoub/Graduation_Rafeeq/install/usb_cam/include/usb_cam/formats/rgb.hpp
[0.497s] -- Up-to-date symlink: /home/nour-mahgoub/Graduation_Rafeeq/install/usb_cam/include/usb_cam/formats/utils.hpp
[0.498s] -- Up-to-date symlink: /home/nour-mahgoub/Graduation_Rafeeq/install/usb_cam/include/usb_cam/formats/uyvy.hpp
[0.498s] -- Up-to-date symlink: /home/nour-mahgoub/Graduation_Rafeeq/install/usb_cam/include/usb_cam/formats/yuyv.hpp
[0.498s] -- Up-to-date symlink: /home/nour-mahgoub/Graduation_Rafeeq/install/usb_cam/include/usb_cam/usb_cam.hpp
[0.498s] -- Up-to-date symlink: /home/nour-mahgoub/Graduation_Rafeeq/install/usb_cam/include/usb_cam/usb_cam_node.hpp
[0.498s] -- Up-to-date symlink: /home/nour-mahgoub/Graduation_Rafeeq/install/usb_cam/include/usb_cam/utils.hpp
[0.498s] -- Up-to-date symlink: /home/nour-mahgoub/Graduation_Rafeeq/install/usb_cam/lib/libusb_cam_node.so
[0.498s] -- Up-to-date symlink: /home/nour-mahgoub/Graduation_Rafeeq/install/usb_cam/share/usb_cam/launch/__init__.py
[0.499s] -- Up-to-date symlink: /home/nour-mahgoub/Graduation_Rafeeq/install/usb_cam/share/usb_cam/launch/camera.launch.py
[0.499s] -- Up-to-date symlink: /home/nour-mahgoub/Graduation_Rafeeq/install/usb_cam/share/usb_cam/launch/camera_config.py
[0.499s] -- Up-to-date symlink: /home/nour-mahgoub/Graduation_Rafeeq/install/usb_cam/share/usb_cam/config/camera_info.yaml
[0.499s] -- Up-to-date symlink: /home/nour-mahgoub/Graduation_Rafeeq/install/usb_cam/share/usb_cam/config/params_1.yaml
[0.499s] -- Up-to-date symlink: /home/nour-mahgoub/Graduation_Rafeeq/install/usb_cam/share/usb_cam/config/params_2.yaml
[0.499s] -- Up-to-date symlink: /home/nour-mahgoub/Graduation_Rafeeq/install/usb_cam/share/ament_index/resource_index/package_run_dependencies/usb_cam
[0.500s] -- Up-to-date symlink: /home/nour-mahgoub/Graduation_Rafeeq/install/usb_cam/share/ament_index/resource_index/parent_prefix_path/usb_cam
[0.500s] -- Up-to-date symlink: /home/nour-mahgoub/Graduation_Rafeeq/install/usb_cam/share/usb_cam/environment/ament_prefix_path.sh
[0.500s] -- Up-to-date symlink: /home/nour-mahgoub/Graduation_Rafeeq/install/usb_cam/share/usb_cam/environment/ament_prefix_path.dsv
[0.500s] -- Up-to-date symlink: /home/nour-mahgoub/Graduation_Rafeeq/install/usb_cam/share/usb_cam/environment/path.sh
[0.500s] -- Up-to-date symlink: /home/nour-mahgoub/Graduation_Rafeeq/install/usb_cam/share/usb_cam/environment/path.dsv
[0.500s] -- Up-to-date symlink: /home/nour-mahgoub/Graduation_Rafeeq/install/usb_cam/share/usb_cam/local_setup.bash
[0.500s] -- Up-to-date symlink: /home/nour-mahgoub/Graduation_Rafeeq/install/usb_cam/share/usb_cam/local_setup.sh
[0.500s] -- Up-to-date symlink: /home/nour-mahgoub/Graduation_Rafeeq/install/usb_cam/share/usb_cam/local_setup.zsh
[0.500s] -- Up-to-date symlink: /home/nour-mahgoub/Graduation_Rafeeq/install/usb_cam/share/usb_cam/local_setup.dsv
[0.501s] -- Symlinking: /home/nour-mahgoub/Graduation_Rafeeq/install/usb_cam/share/usb_cam/package.dsv
[0.501s] -- Up-to-date symlink: /home/nour-mahgoub/Graduation_Rafeeq/install/usb_cam/share/ament_index/resource_index/packages/usb_cam
[0.501s] -- Up-to-date symlink: /home/nour-mahgoub/Graduation_Rafeeq/install/usb_cam/share/ament_index/resource_index/rclcpp_components/usb_cam
[0.502s] -- Up-to-date symlink: /home/nour-mahgoub/Graduation_Rafeeq/install/usb_cam/share/usb_cam/cmake/ament_cmake_export_libraries-extras.cmake
[0.502s] -- Up-to-date symlink: /home/nour-mahgoub/Graduation_Rafeeq/install/usb_cam/share/usb_cam/cmake/ament_cmake_export_dependencies-extras.cmake
[0.502s] -- Up-to-date symlink: /home/nour-mahgoub/Graduation_Rafeeq/install/usb_cam/share/usb_cam/cmake/ament_cmake_export_include_directories-extras.cmake
[0.502s] -- Up-to-date symlink: /home/nour-mahgoub/Graduation_Rafeeq/install/usb_cam/share/usb_cam/cmake/usb_camConfig.cmake
[0.502s] -- Up-to-date symlink: /home/nour-mahgoub/Graduation_Rafeeq/install/usb_cam/share/usb_cam/cmake/usb_camConfig-version.cmake
[0.502s] -- Up-to-date symlink: /home/nour-mahgoub/Graduation_Rafeeq/install/usb_cam/share/usb_cam/package.xml
[0.509s] Invoked command in '/home/nour-mahgoub/Graduation_Rafeeq/build/usb_cam' returned '0': CMAKE_PREFIX_PATH=${CMAKE_PREFIX_PATH}:/opt/ros/jazzy DEBUGINFOD_URLS=https://debuginfod.ubuntu.com /usr/bin/cmake --install /home/nour-mahgoub/Graduation_Rafeeq/build/usb_cam
