[0.031s] Invoking command in '/home/nour-mahgoub/Graduation_Rafeeq/build/rafeeq__navigation': CMAKE_PREFIX_PATH=${CMAKE_PREFIX_PATH}:/opt/ros/jazzy DEBUGINFOD_URLS=https://debuginfod.ubuntu.com /usr/bin/cmake /home/nour-mahgoub/Graduation_Rafeeq/rafeeq__navigation -DCMAKE_INSTALL_PREFIX=/home/nour-mahgoub/Graduation_Rafeeq/install/rafeeq__navigation
[0.262s] -- The C compiler identification is GNU 13.3.0
[0.262s] -- The CXX compiler identification is GNU 13.3.0
[0.262s] -- Detecting C compiler ABI info
[0.263s] [0mCMake Deprecation Warning at CMakeLists.txt:1 (cmake_minimum_required):
[0.263s]   Compatibility with CMake < 3.10 will be removed from a future version of
[0.263s]   CMake.
[0.263s] 
[0.264s]   Update the VERSION argument <min> value.  Or, use the <min>...<max> syntax
[0.264s]   to tell CMake that the project requires at least <min> but has been updated
[0.264s]   to work with policies introduced by <max> or earlier.
[0.264s] 
[0.264s] [0m
[0.271s] -- Detecting C compiler ABI info - done
[0.287s] -- Check for working C compiler: /usr/bin/cc - skipped
[0.288s] -- Detecting C compile features
[0.288s] -- Detecting C compile features - done
[0.300s] -- Detecting CXX compiler ABI info
[0.363s] -- Detecting CXX compiler ABI info - done
[0.380s] -- Check for working CXX compiler: /usr/bin/c++ - skipped
[0.380s] -- Detecting CXX compile features
[0.381s] -- Detecting CXX compile features - done
[0.396s] -- Found ament_cmake: 2.5.6 (/opt/ros/jazzy/share/ament_cmake/cmake)
[0.619s] -- Found Python3: /usr/bin/python3 (found version "3.12.3") found components: Interpreter
[0.759s] -- Found navigation2: 1.3.11 (/opt/ros/jazzy/share/navigation2/cmake)
[0.763s] -- Found nav2_bringup: 1.3.11 (/opt/ros/jazzy/share/nav2_bringup/cmake)
[0.766s] -- Found slam_toolbox: 2.8.4 (/opt/ros/jazzy/share/slam_toolbox/cmake)
[0.807s] -- Found rosidl_generator_c: 4.6.7 (/opt/ros/jazzy/share/rosidl_generator_c/cmake)
[0.823s] -- Found rosidl_generator_cpp: 4.6.7 (/opt/ros/jazzy/share/rosidl_generator_cpp/cmake)
[0.852s] -- Using all available rosidl_typesupport_c: rosidl_typesupport_fastrtps_c;rosidl_typesupport_introspection_c
[0.882s] -- Using all available rosidl_typesupport_cpp: rosidl_typesupport_fastrtps_cpp;rosidl_typesupport_introspection_cpp
[1.226s] -- Found rmw_implementation_cmake: 7.3.3 (/opt/ros/jazzy/share/rmw_implementation_cmake/cmake)
[1.233s] -- Found rmw_cyclonedds_cpp: 2.2.3 (/opt/ros/jazzy/share/rmw_cyclonedds_cpp/cmake)
[1.289s] -- Using RMW implementation 'rmw_cyclonedds_cpp' as default
[1.629s] -- Found TinyXML2 via Config file: /usr/lib/x86_64-linux-gnu/cmake/tinyxml2
[1.664s] -- Found eigen3_cmake_module: 0.3.0 (/opt/ros/jazzy/share/eigen3_cmake_module/cmake)
[1.666s] -- Found Eigen3: TRUE (found version "3.4.0")
[1.666s] -- Ensuring Eigen3 include directory is part of orocos-kdl CMake target
[1.846s] -- Setting OGRE_DIR to: '/opt/ros/jazzy/share/rviz_ogre_vendor/cmake/../../../opt/rviz_ogre_vendor/lib/OGRE/cmake'
[1.848s] -- Found OGRE
[1.848s] --   static     : OFF
[1.848s] --   components : MeshLodGenerator;Overlay;Paging;Property;RTShaderSystem;Terrain;Volume
[1.848s] --   plugins    : Plugin_BSPSceneManager;Plugin_OctreeSceneManager;Plugin_PCZSceneManager;Plugin_ParticleFX;RenderSystem_GL;RenderSystem_GL3Plus;Codec_STBI
[1.848s] --   media      : /opt/ros/jazzy/opt/rviz_ogre_vendor/share/OGRE/Media
[1.849s] -- OGRE_LIBRARIES: OgreMeshLodGenerator;OgreOverlay;OgrePaging;OgreProperty;OgreRTShaderSystem;OgreTerrain;OgreVolume;OgreMain
[1.849s] -- OGRE_LIBRARY_DIRS: /opt/ros/jazzy/opt/rviz_ogre_vendor/lib
[1.849s] -- OGRE_PLUGINS: Plugin_BSPSceneManager;Plugin_OctreeSceneManager;Plugin_PCZSceneManager;Plugin_ParticleFX;RenderSystem_GL;RenderSystem_GL3Plus;Codec_STBI
[1.849s] -- OGRE_PLUGIN_DIR: /opt/ros/jazzy/opt/rviz_ogre_vendor/lib/OGRE
[1.849s] -- rviz_ogre_vendor::OgreOverlay for IMPORTED_LOCATION_RELEASE: /opt/ros/jazzy/opt/rviz_ogre_vendor/lib/libOgreOverlay.so
[1.849s] -- rviz_ogre_vendor::OgreOverlay for IMPORTED_LOCATION_DEBUG: /opt/ros/jazzy/opt/rviz_ogre_vendor/lib/libOgreOverlay.so
[1.849s] -- rviz_ogre_vendor::OgreMain for IMPORTED_LOCATION_RELEASE: /opt/ros/jazzy/opt/rviz_ogre_vendor/lib/libOgreMain.so
[1.849s] -- rviz_ogre_vendor::OgreMain for IMPORTED_LOCATION_DEBUG: /opt/ros/jazzy/opt/rviz_ogre_vendor/lib/libOgreMain.so
[1.910s] -- Found ZLIB: /usr/lib/x86_64-linux-gnu/libz.so (found version "1.3")
[1.929s] -- Found OpenGL: /usr/lib/x86_64-linux-gnu/libOpenGL.so
[2.161s] -- Found X11: /usr/include
[2.162s] -- Looking for XOpenDisplay in /usr/lib/x86_64-linux-gnu/libX11.so;/usr/lib/x86_64-linux-gnu/libXext.so
[2.220s] -- Looking for XOpenDisplay in /usr/lib/x86_64-linux-gnu/libX11.so;/usr/lib/x86_64-linux-gnu/libXext.so - found
[2.220s] -- Looking for gethostbyname
[2.273s] -- Looking for gethostbyname - found
[2.273s] -- Looking for connect
[2.327s] -- Looking for connect - found
[2.327s] -- Looking for remove
[2.379s] -- Looking for remove - found
[2.379s] -- Looking for shmat
[2.434s] -- Looking for shmat - found
[2.434s] -- Looking for IceConnectionNumber in ICE
[2.489s] -- Looking for IceConnectionNumber in ICE - found
[2.513s] -- Setting yaml-cpp_DIR to: '/opt/ros/jazzy/share/yaml_cpp_vendor/cmake/../../../opt/yaml_cpp_vendor/share/cmake/yaml-cpp'
[2.689s] -- Found ament_lint_auto: 0.17.5 (/opt/ros/jazzy/share/ament_lint_auto/cmake)
[2.817s] -- Added test 'lint_cmake' to check CMake code style
[2.819s] -- Added test 'xmllint' to check XML markup files
[2.821s] -- Configuring done (2.8s)
[2.828s] -- Generating done (0.0s)
[2.892s] -- Build files have been written to: /home/nour-mahgoub/Graduation_Rafeeq/build/rafeeq__navigation
[2.904s] Invoked command in '/home/nour-mahgoub/Graduation_Rafeeq/build/rafeeq__navigation' returned '0': CMAKE_PREFIX_PATH=${CMAKE_PREFIX_PATH}:/opt/ros/jazzy DEBUGINFOD_URLS=https://debuginfod.ubuntu.com /usr/bin/cmake /home/nour-mahgoub/Graduation_Rafeeq/rafeeq__navigation -DCMAKE_INSTALL_PREFIX=/home/nour-mahgoub/Graduation_Rafeeq/install/rafeeq__navigation
[2.904s] Invoking command in '/home/nour-mahgoub/Graduation_Rafeeq/build/rafeeq__navigation': CMAKE_PREFIX_PATH=${CMAKE_PREFIX_PATH}:/opt/ros/jazzy DEBUGINFOD_URLS=https://debuginfod.ubuntu.com /usr/bin/cmake --build /home/nour-mahgoub/Graduation_Rafeeq/build/rafeeq__navigation -- -j20 -l20
[2.928s] Invoked command in '/home/nour-mahgoub/Graduation_Rafeeq/build/rafeeq__navigation' returned '0': CMAKE_PREFIX_PATH=${CMAKE_PREFIX_PATH}:/opt/ros/jazzy DEBUGINFOD_URLS=https://debuginfod.ubuntu.com /usr/bin/cmake --build /home/nour-mahgoub/Graduation_Rafeeq/build/rafeeq__navigation -- -j20 -l20
[2.929s] Invoking command in '/home/nour-mahgoub/Graduation_Rafeeq/build/rafeeq__navigation': CMAKE_PREFIX_PATH=${CMAKE_PREFIX_PATH}:/opt/ros/jazzy DEBUGINFOD_URLS=https://debuginfod.ubuntu.com /usr/bin/cmake --install /home/nour-mahgoub/Graduation_Rafeeq/build/rafeeq__navigation
[2.932s] -- Install configuration: ""
[2.932s] -- Installing: /home/nour-mahgoub/Graduation_Rafeeq/install/rafeeq__navigation/share/ament_index/resource_index/package_run_dependencies/rafeeq__navigation
[2.932s] -- Installing: /home/nour-mahgoub/Graduation_Rafeeq/install/rafeeq__navigation/share/ament_index/resource_index/parent_prefix_path/rafeeq__navigation
[2.932s] -- Installing: /home/nour-mahgoub/Graduation_Rafeeq/install/rafeeq__navigation/share/rafeeq__navigation/environment/ament_prefix_path.sh
[2.932s] -- Installing: /home/nour-mahgoub/Graduation_Rafeeq/install/rafeeq__navigation/share/rafeeq__navigation/environment/ament_prefix_path.dsv
[2.933s] -- Installing: /home/nour-mahgoub/Graduation_Rafeeq/install/rafeeq__navigation/share/rafeeq__navigation/environment/path.sh
[2.933s] -- Installing: /home/nour-mahgoub/Graduation_Rafeeq/install/rafeeq__navigation/share/rafeeq__navigation/environment/path.dsv
[2.933s] -- Installing: /home/nour-mahgoub/Graduation_Rafeeq/install/rafeeq__navigation/share/rafeeq__navigation/local_setup.bash
[2.933s] -- Installing: /home/nour-mahgoub/Graduation_Rafeeq/install/rafeeq__navigation/share/rafeeq__navigation/local_setup.sh
[2.933s] -- Installing: /home/nour-mahgoub/Graduation_Rafeeq/install/rafeeq__navigation/share/rafeeq__navigation/local_setup.zsh
[2.933s] -- Installing: /home/nour-mahgoub/Graduation_Rafeeq/install/rafeeq__navigation/share/rafeeq__navigation/local_setup.dsv
[2.933s] -- Installing: /home/nour-mahgoub/Graduation_Rafeeq/install/rafeeq__navigation/share/rafeeq__navigation/package.dsv
[2.933s] -- Installing: /home/nour-mahgoub/Graduation_Rafeeq/install/rafeeq__navigation/share/ament_index/resource_index/packages/rafeeq__navigation
[2.933s] -- Installing: /home/nour-mahgoub/Graduation_Rafeeq/install/rafeeq__navigation/share/rafeeq__navigation/cmake/rafeeq__navigationConfig.cmake
[2.933s] -- Installing: /home/nour-mahgoub/Graduation_Rafeeq/install/rafeeq__navigation/share/rafeeq__navigation/cmake/rafeeq__navigationConfig-version.cmake
[2.933s] -- Installing: /home/nour-mahgoub/Graduation_Rafeeq/install/rafeeq__navigation/share/rafeeq__navigation/package.xml
[2.935s] Invoked command in '/home/nour-mahgoub/Graduation_Rafeeq/build/rafeeq__navigation' returned '0': CMAKE_PREFIX_PATH=${CMAKE_PREFIX_PATH}:/opt/ros/jazzy DEBUGINFOD_URLS=https://debuginfod.ubuntu.com /usr/bin/cmake --install /home/nour-mahgoub/Graduation_Rafeeq/build/rafeeq__navigation
