[0.271s] Invoking command in '/home/nour-mahgoub/Graduation_Rafeeq/build/rafeeq_navigation': CMAKE_PREFIX_PATH=${CMAKE_PREFIX_PATH}:/opt/ros/jazzy DEBUGINFOD_URLS=https://debuginfod.ubuntu.com /usr/bin/cmake --build /home/nour-mahgoub/Graduation_Rafeeq/build/rafeeq_navigation -- -j20 -l20
[0.520s] Invoked command in '/home/nour-mahgoub/Graduation_Rafeeq/build/rafeeq_navigation' returned '0': CMAKE_PREFIX_PATH=${CMAKE_PREFIX_PATH}:/opt/ros/jazzy DEBUGINFOD_URLS=https://debuginfod.ubuntu.com /usr/bin/cmake --build /home/nour-mahgoub/Graduation_Rafeeq/build/rafeeq_navigation -- -j20 -l20
[0.522s] Invoking command in '/home/nour-mahgoub/Graduation_Rafeeq/build/rafeeq_navigation': CMAKE_PREFIX_PATH=${CMAKE_PREFIX_PATH}:/opt/ros/jazzy DEBUGINFOD_URLS=https://debuginfod.ubuntu.com /usr/bin/cmake --install /home/nour-mahgoub/Graduation_Rafeeq/build/rafeeq_navigation
[0.538s] -- Install configuration: ""
[0.539s] -- Execute custom install script
[0.539s] -- Up-to-date symlink: /home/nour-mahgoub/Graduation_Rafeeq/install/rafeeq_navigation/share/rafeeq_navigation/config/rafeeq_nav2_default_parans.yaml
[0.540s] -- Up-to-date symlink: /home/nour-mahgoub/Graduation_Rafeeq/install/rafeeq_navigation/share/ament_index/resource_index/package_run_dependencies/rafeeq_navigation
[0.544s] -- Up-to-date symlink: /home/nour-mahgoub/Graduation_Rafeeq/install/rafeeq_navigation/share/ament_index/resource_index/parent_prefix_path/rafeeq_navigation
[0.544s] -- Up-to-date symlink: /home/nour-mahgoub/Graduation_Rafeeq/install/rafeeq_navigation/share/rafeeq_navigation/environment/ament_prefix_path.sh
[0.545s] -- Up-to-date symlink: /home/nour-mahgoub/Graduation_Rafeeq/install/rafeeq_navigation/share/rafeeq_navigation/environment/ament_prefix_path.dsv
[0.545s] -- Up-to-date symlink: /home/nour-mahgoub/Graduation_Rafeeq/install/rafeeq_navigation/share/rafeeq_navigation/environment/path.sh
[0.546s] -- Up-to-date symlink: /home/nour-mahgoub/Graduation_Rafeeq/install/rafeeq_navigation/share/rafeeq_navigation/environment/path.dsv
[0.546s] -- Up-to-date symlink: /home/nour-mahgoub/Graduation_Rafeeq/install/rafeeq_navigation/share/rafeeq_navigation/local_setup.bash
[0.546s] -- Up-to-date symlink: /home/nour-mahgoub/Graduation_Rafeeq/install/rafeeq_navigation/share/rafeeq_navigation/local_setup.sh
[0.546s] -- Up-to-date symlink: /home/nour-mahgoub/Graduation_Rafeeq/install/rafeeq_navigation/share/rafeeq_navigation/local_setup.zsh
[0.546s] -- Up-to-date symlink: /home/nour-mahgoub/Graduation_Rafeeq/install/rafeeq_navigation/share/rafeeq_navigation/local_setup.dsv
[0.547s] -- Symlinking: /home/nour-mahgoub/Graduation_Rafeeq/install/rafeeq_navigation/share/rafeeq_navigation/package.dsv
[0.547s] -- Up-to-date symlink: /home/nour-mahgoub/Graduation_Rafeeq/install/rafeeq_navigation/share/ament_index/resource_index/packages/rafeeq_navigation
[0.547s] -- Up-to-date symlink: /home/nour-mahgoub/Graduation_Rafeeq/install/rafeeq_navigation/share/rafeeq_navigation/cmake/rafeeq_navigationConfig.cmake
[0.547s] -- Up-to-date symlink: /home/nour-mahgoub/Graduation_Rafeeq/install/rafeeq_navigation/share/rafeeq_navigation/cmake/rafeeq_navigationConfig-version.cmake
[0.547s] -- Up-to-date symlink: /home/nour-mahgoub/Graduation_Rafeeq/install/rafeeq_navigation/share/rafeeq_navigation/package.xml
[0.620s] Invoked command in '/home/nour-mahgoub/Graduation_Rafeeq/build/rafeeq_navigation' returned '0': CMAKE_PREFIX_PATH=${CMAKE_PREFIX_PATH}:/opt/ros/jazzy DEBUGINFOD_URLS=https://debuginfod.ubuntu.com /usr/bin/cmake --install /home/nour-mahgoub/Graduation_Rafeeq/build/rafeeq_navigation
