[1.529s] Invoking command in '/home/nour-mahgoub/Graduation_Rafeeq/build/serial_node': DEBUGINFOD_URLS=https://debuginfod.ubuntu.com PYTHONPATH=/home/nour-mahgoub/Graduation_Rafeeq/build/serial_node/prefix_override:/usr/lib/python3/dist-packages/colcon_core/task/python/colcon_distutils_commands:/home/nour-mahgoub/Graduation_Rafeeq/install/serial_node/lib/python3.12/site-packages:${PYTHONPATH} /usr/bin/python3 -W ignore:setup.py install is deprecated -W ignore:easy_install command is deprecated setup.py develop --uninstall --editable --build-directory /home/nour-mahgoub/Graduation_Rafeeq/build/serial_node/build
[1.903s] running develop
[2.163s] Removing /home/nour-mahgoub/Graduation_Rafeeq/install/serial_node/lib/python3.12/site-packages/serial-node.egg-link (link to .)
[2.209s] Invoked command in '/home/nour-mahgoub/Graduation_Rafeeq/build/serial_node' returned '0': DEBUGINFOD_URLS=https://debuginfod.ubuntu.com PYTHONPATH=/home/nour-mahgoub/Graduation_Rafeeq/build/serial_node/prefix_override:/usr/lib/python3/dist-packages/colcon_core/task/python/colcon_distutils_commands:/home/nour-mahgoub/Graduation_Rafeeq/install/serial_node/lib/python3.12/site-packages:${PYTHONPATH} /usr/bin/python3 -W ignore:setup.py install is deprecated -W ignore:easy_install command is deprecated setup.py develop --uninstall --editable --build-directory /home/nour-mahgoub/Graduation_Rafeeq/build/serial_node/build
[2.210s] Invoking command in '/home/nour-mahgoub/Graduation_Rafeeq/src/serial_node': DEBUGINFOD_URLS=https://debuginfod.ubuntu.com PYTHONPATH=/home/nour-mahgoub/Graduation_Rafeeq/build/serial_node/prefix_override:/usr/lib/python3/dist-packages/colcon_core/task/python/colcon_distutils_commands:/home/nour-mahgoub/Graduation_Rafeeq/install/serial_node/lib/python3.12/site-packages:${PYTHONPATH} /usr/bin/python3 -W ignore:setup.py install is deprecated -W ignore:easy_install command is deprecated setup.py egg_info --egg-base ../../build/serial_node build --build-base /home/nour-mahgoub/Graduation_Rafeeq/build/serial_node/build install --record /home/nour-mahgoub/Graduation_Rafeeq/build/serial_node/install.log --single-version-externally-managed install_data --force
[2.532s] running egg_info
[2.554s] writing ../../build/serial_node/serial_node.egg-info/PKG-INFO
[2.555s] writing dependency_links to ../../build/serial_node/serial_node.egg-info/dependency_links.txt
[2.555s] writing entry points to ../../build/serial_node/serial_node.egg-info/entry_points.txt
[2.555s] writing requirements to ../../build/serial_node/serial_node.egg-info/requires.txt
[2.555s] writing top-level names to ../../build/serial_node/serial_node.egg-info/top_level.txt
[2.601s] reading manifest file '../../build/serial_node/serial_node.egg-info/SOURCES.txt'
[2.602s] writing manifest file '../../build/serial_node/serial_node.egg-info/SOURCES.txt'
[2.602s] running build
[2.602s] running build_py
[2.602s] running install
[2.610s] running install_lib
[2.632s] creating /home/nour-mahgoub/Graduation_Rafeeq/install/serial_node/lib/python3.12/site-packages/serial_node
[2.632s] copying /home/nour-mahgoub/Graduation_Rafeeq/build/serial_node/build/lib/serial_node/__init__.py -> /home/nour-mahgoub/Graduation_Rafeeq/install/serial_node/lib/python3.12/site-packages/serial_node
[2.633s] copying /home/nour-mahgoub/Graduation_Rafeeq/build/serial_node/build/lib/serial_node/serial_bridge.py -> /home/nour-mahgoub/Graduation_Rafeeq/install/serial_node/lib/python3.12/site-packages/serial_node
[2.633s] byte-compiling /home/nour-mahgoub/Graduation_Rafeeq/install/serial_node/lib/python3.12/site-packages/serial_node/__init__.py to __init__.cpython-312.pyc
[2.634s] byte-compiling /home/nour-mahgoub/Graduation_Rafeeq/install/serial_node/lib/python3.12/site-packages/serial_node/serial_bridge.py to serial_bridge.cpython-312.pyc
[2.636s] running install_data
[2.636s] copying resource/serial_node -> /home/nour-mahgoub/Graduation_Rafeeq/install/serial_node/share/ament_index/resource_index/packages
[2.636s] copying package.xml -> /home/nour-mahgoub/Graduation_Rafeeq/install/serial_node/share/serial_node
[2.636s] running install_egg_info
[2.660s] Copying ../../build/serial_node/serial_node.egg-info to /home/nour-mahgoub/Graduation_Rafeeq/install/serial_node/lib/python3.12/site-packages/serial_node-0.0.0-py3.12.egg-info
[2.661s] running install_scripts
[2.813s] Installing serial_bridge script to /home/nour-mahgoub/Graduation_Rafeeq/install/serial_node/lib/serial_node
[2.814s] writing list of installed files to '/home/nour-mahgoub/Graduation_Rafeeq/build/serial_node/install.log'
[2.843s] Invoked command in '/home/nour-mahgoub/Graduation_Rafeeq/src/serial_node' returned '0': DEBUGINFOD_URLS=https://debuginfod.ubuntu.com PYTHONPATH=/home/nour-mahgoub/Graduation_Rafeeq/build/serial_node/prefix_override:/usr/lib/python3/dist-packages/colcon_core/task/python/colcon_distutils_commands:/home/nour-mahgoub/Graduation_Rafeeq/install/serial_node/lib/python3.12/site-packages:${PYTHONPATH} /usr/bin/python3 -W ignore:setup.py install is deprecated -W ignore:easy_install command is deprecated setup.py egg_info --egg-base ../../build/serial_node build --build-base /home/nour-mahgoub/Graduation_Rafeeq/build/serial_node/build install --record /home/nour-mahgoub/Graduation_Rafeeq/build/serial_node/install.log --single-version-externally-managed install_data --force
