[0.790s] Invoking command in '/home/nour-mahgoub/Graduation_Rafeeq/build/rafeeq_description': DEBUGINFOD_URLS=https://debuginfod.ubuntu.com PYTHONPATH=/home/nour-mahgoub/Graduation_Rafeeq/build/rafeeq_description/prefix_override:/usr/lib/python3/dist-packages/colcon_core/task/python/colcon_distutils_commands:/home/nour-mahgoub/Graduation_Rafeeq/install/rafeeq_description/lib/python3.12/site-packages:${PYTHONPATH} /usr/bin/python3 -W ignore:setup.py install is deprecated -W ignore:easy_install command is deprecated setup.py develop --uninstall --editable --build-directory /home/nour-mahgoub/Graduation_Rafeeq/build/rafeeq_description/build
[1.028s] running develop
[1.161s] Removing /home/nour-mahgoub/Graduation_Rafeeq/install/rafeeq_description/lib/python3.12/site-packages/rafeeq-description.egg-link (link to .)
[1.185s] Invoked command in '/home/nour-mahgoub/Graduation_Rafeeq/build/rafeeq_description' returned '0': DEBUGINFOD_URLS=https://debuginfod.ubuntu.com PYTHONPATH=/home/nour-mahgoub/Graduation_Rafeeq/build/rafeeq_description/prefix_override:/usr/lib/python3/dist-packages/colcon_core/task/python/colcon_distutils_commands:/home/nour-mahgoub/Graduation_Rafeeq/install/rafeeq_description/lib/python3.12/site-packages:${PYTHONPATH} /usr/bin/python3 -W ignore:setup.py install is deprecated -W ignore:easy_install command is deprecated setup.py develop --uninstall --editable --build-directory /home/nour-mahgoub/Graduation_Rafeeq/build/rafeeq_description/build
[1.185s] Invoking command in '/home/nour-mahgoub/Graduation_Rafeeq/src/rafeeq_description': DEBUGINFOD_URLS=https://debuginfod.ubuntu.com PYTHONPATH=/home/nour-mahgoub/Graduation_Rafeeq/build/rafeeq_description/prefix_override:/usr/lib/python3/dist-packages/colcon_core/task/python/colcon_distutils_commands:/home/nour-mahgoub/Graduation_Rafeeq/install/rafeeq_description/lib/python3.12/site-packages:${PYTHONPATH} /usr/bin/python3 -W ignore:setup.py install is deprecated -W ignore:easy_install command is deprecated setup.py egg_info --egg-base ../../build/rafeeq_description build --build-base /home/nour-mahgoub/Graduation_Rafeeq/build/rafeeq_description/build install --record /home/nour-mahgoub/Graduation_Rafeeq/build/rafeeq_description/install.log --single-version-externally-managed install_data --force
[1.378s] running egg_info
[1.392s] writing ../../build/rafeeq_description/rafeeq_description.egg-info/PKG-INFO
[1.392s] writing dependency_links to ../../build/rafeeq_description/rafeeq_description.egg-info/dependency_links.txt
[1.393s] writing entry points to ../../build/rafeeq_description/rafeeq_description.egg-info/entry_points.txt
[1.393s] writing requirements to ../../build/rafeeq_description/rafeeq_description.egg-info/requires.txt
[1.393s] writing top-level names to ../../build/rafeeq_description/rafeeq_description.egg-info/top_level.txt
[1.423s] reading manifest file '../../build/rafeeq_description/rafeeq_description.egg-info/SOURCES.txt'
[1.423s] writing manifest file '../../build/rafeeq_description/rafeeq_description.egg-info/SOURCES.txt'
[1.423s] running build
[1.423s] running build_py
[1.424s] running install
[1.428s] running install_lib
[1.443s] creating /home/nour-mahgoub/Graduation_Rafeeq/install/rafeeq_description/lib/python3.12/site-packages/rafeeq_description
[1.443s] copying /home/nour-mahgoub/Graduation_Rafeeq/build/rafeeq_description/build/lib/rafeeq_description/__init__.py -> /home/nour-mahgoub/Graduation_Rafeeq/install/rafeeq_description/lib/python3.12/site-packages/rafeeq_description
[1.443s] copying /home/nour-mahgoub/Graduation_Rafeeq/build/rafeeq_description/build/lib/rafeeq_description/teleop_keyboard.py -> /home/nour-mahgoub/Graduation_Rafeeq/install/rafeeq_description/lib/python3.12/site-packages/rafeeq_description
[1.443s] copying /home/nour-mahgoub/Graduation_Rafeeq/build/rafeeq_description/build/lib/rafeeq_description/scan_relay.py -> /home/nour-mahgoub/Graduation_Rafeeq/install/rafeeq_description/lib/python3.12/site-packages/rafeeq_description
[1.443s] byte-compiling /home/nour-mahgoub/Graduation_Rafeeq/install/rafeeq_description/lib/python3.12/site-packages/rafeeq_description/__init__.py to __init__.cpython-312.pyc
[1.443s] byte-compiling /home/nour-mahgoub/Graduation_Rafeeq/install/rafeeq_description/lib/python3.12/site-packages/rafeeq_description/teleop_keyboard.py to teleop_keyboard.cpython-312.pyc
[1.444s] byte-compiling /home/nour-mahgoub/Graduation_Rafeeq/install/rafeeq_description/lib/python3.12/site-packages/rafeeq_description/scan_relay.py to scan_relay.cpython-312.pyc
[1.444s] running install_data
[1.445s] copying resource/rafeeq_description -> /home/nour-mahgoub/Graduation_Rafeeq/install/rafeeq_description/share/ament_index/resource_index/packages
[1.445s] copying package.xml -> /home/nour-mahgoub/Graduation_Rafeeq/install/rafeeq_description/share/rafeeq_description
[1.445s] copying launch/view_robot.launch -> /home/nour-mahgoub/Graduation_Rafeeq/install/rafeeq_description/share/rafeeq_description/launch
[1.445s] copying launch/gazebo.launch.py -> /home/nour-mahgoub/Graduation_Rafeeq/install/rafeeq_description/share/rafeeq_description/launch
[1.445s] copying urdf/robot_description.urdf -> /home/nour-mahgoub/Graduation_Rafeeq/install/rafeeq_description/share/rafeeq_description/urdf
[1.445s] copying rviz/default_view.rviz -> /home/nour-mahgoub/Graduation_Rafeeq/install/rafeeq_description/share/rafeeq_description/rviz
[1.445s] copying meshes/LeftMotor.STL -> /home/nour-mahgoub/Graduation_Rafeeq/install/rafeeq_description/share/rafeeq_description/meshes
[1.445s] copying meshes/base_link.STL -> /home/nour-mahgoub/Graduation_Rafeeq/install/rafeeq_description/share/rafeeq_description/meshes
[1.446s] copying meshes/Lidar_Link.STL -> /home/nour-mahgoub/Graduation_Rafeeq/install/rafeeq_description/share/rafeeq_description/meshes
[1.447s] copying meshes/LeftWingWheel.STL -> /home/nour-mahgoub/Graduation_Rafeeq/install/rafeeq_description/share/rafeeq_description/meshes
[1.447s] copying meshes/Camera_Link.STL -> /home/nour-mahgoub/Graduation_Rafeeq/install/rafeeq_description/share/rafeeq_description/meshes
[1.449s] copying meshes/RightMotor.STL -> /home/nour-mahgoub/Graduation_Rafeeq/install/rafeeq_description/share/rafeeq_description/meshes
[1.449s] copying meshes/BackRightWheel.STL -> /home/nour-mahgoub/Graduation_Rafeeq/install/rafeeq_description/share/rafeeq_description/meshes
[1.449s] copying meshes/RightWingWheel.STL -> /home/nour-mahgoub/Graduation_Rafeeq/install/rafeeq_description/share/rafeeq_description/meshes
[1.449s] copying meshes/BackLeftWheel.STL -> /home/nour-mahgoub/Graduation_Rafeeq/install/rafeeq_description/share/rafeeq_description/meshes
[1.449s] copying world/world.world -> /home/nour-mahgoub/Graduation_Rafeeq/install/rafeeq_description/share/rafeeq_description/world
[1.450s] copying world/world.sdf -> /home/nour-mahgoub/Graduation_Rafeeq/install/rafeeq_description/share/rafeeq_description/world
[1.450s] running install_egg_info
[1.465s] Copying ../../build/rafeeq_description/rafeeq_description.egg-info to /home/nour-mahgoub/Graduation_Rafeeq/install/rafeeq_description/lib/python3.12/site-packages/rafeeq_description-0.0.0-py3.12.egg-info
[1.465s] running install_scripts
[1.559s] Installing scan_relay script to /home/nour-mahgoub/Graduation_Rafeeq/install/rafeeq_description/lib/rafeeq_description
[1.559s] Installing teleop_keyboard script to /home/nour-mahgoub/Graduation_Rafeeq/install/rafeeq_description/lib/rafeeq_description
[1.560s] writing list of installed files to '/home/nour-mahgoub/Graduation_Rafeeq/build/rafeeq_description/install.log'
[1.577s] Invoked command in '/home/nour-mahgoub/Graduation_Rafeeq/src/rafeeq_description' returned '0': DEBUGINFOD_URLS=https://debuginfod.ubuntu.com PYTHONPATH=/home/nour-mahgoub/Graduation_Rafeeq/build/rafeeq_description/prefix_override:/usr/lib/python3/dist-packages/colcon_core/task/python/colcon_distutils_commands:/home/nour-mahgoub/Graduation_Rafeeq/install/rafeeq_description/lib/python3.12/site-packages:${PYTHONPATH} /usr/bin/python3 -W ignore:setup.py install is deprecated -W ignore:easy_install command is deprecated setup.py egg_info --egg-base ../../build/rafeeq_description build --build-base /home/nour-mahgoub/Graduation_Rafeeq/build/rafeeq_description/build install --record /home/nour-mahgoub/Graduation_Rafeeq/build/rafeeq_description/install.log --single-version-externally-managed install_data --force
