[0.088s] Invoking command in '/home/nour-mahgoub/Graduation_Rafeeq/build/kinect_ros2': CMAKE_PREFIX_PATH=${CMAKE_PREFIX_PATH}:/opt/ros/jazzy DEBUGINFOD_URLS=https://debuginfod.ubuntu.com /usr/bin/cmake --build /home/nour-mahgoub/Graduation_Rafeeq/build/kinect_ros2 -- -j20 -l20
[0.869s] [ 50%] Built target kinect_ros2_component
[0.869s] [100%] Built target kinect_ros2_node
[0.875s] Invoked command in '/home/nour-mahgoub/Graduation_Rafeeq/build/kinect_ros2' returned '0': CMAKE_PREFIX_PATH=${CMAKE_PREFIX_PATH}:/opt/ros/jazzy DEBUGINFOD_URLS=https://debuginfod.ubuntu.com /usr/bin/cmake --build /home/nour-mahgoub/Graduation_Rafeeq/build/kinect_ros2 -- -j20 -l20
[0.882s] Invoking command in '/home/nour-mahgoub/Graduation_Rafeeq/build/kinect_ros2': CMAKE_PREFIX_PATH=${CMAKE_PREFIX_PATH}:/opt/ros/jazzy DEBUGINFOD_URLS=https://debuginfod.ubuntu.com /usr/bin/cmake --install /home/nour-mahgoub/Graduation_Rafeeq/build/kinect_ros2
[0.898s] -- Install configuration: ""
[0.899s] -- Up-to-date: /home/nour-mahgoub/Graduation_Rafeeq/install/kinect_ros2/lib/libkinect_ros2_component.so
[0.899s] -- Up-to-date: /home/nour-mahgoub/Graduation_Rafeeq/install/kinect_ros2/lib/kinect_ros2/kinect_ros2_node
[0.900s] -- Up-to-date: /home/nour-mahgoub/Graduation_Rafeeq/install/kinect_ros2/share/kinect_ros2/cfg
[0.900s] -- Up-to-date: /home/nour-mahgoub/Graduation_Rafeeq/install/kinect_ros2/share/kinect_ros2/cfg/calibration_rgb.yaml
[0.900s] -- Up-to-date: /home/nour-mahgoub/Graduation_Rafeeq/install/kinect_ros2/share/kinect_ros2/cfg/calibration_depth.yaml
[0.901s] -- Up-to-date: /home/nour-mahgoub/Graduation_Rafeeq/install/kinect_ros2/share/kinect_ros2/launch
[0.901s] -- Up-to-date: /home/nour-mahgoub/Graduation_Rafeeq/install/kinect_ros2/share/kinect_ros2/launch/pointcloud.launch.py
[0.901s] -- Up-to-date: /home/nour-mahgoub/Graduation_Rafeeq/install/kinect_ros2/share/kinect_ros2/launch/showimage.launch.py
[0.901s] -- Up-to-date: /home/nour-mahgoub/Graduation_Rafeeq/install/kinect_ros2/share/kinect_ros2/rviz
[0.903s] -- Up-to-date: /home/nour-mahgoub/Graduation_Rafeeq/install/kinect_ros2/share/kinect_ros2/rviz/pointcloud.rviz
[0.903s] -- Up-to-date: /home/nour-mahgoub/Graduation_Rafeeq/install/kinect_ros2/share/ament_index/resource_index/package_run_dependencies/kinect_ros2
[0.903s] -- Up-to-date: /home/nour-mahgoub/Graduation_Rafeeq/install/kinect_ros2/share/ament_index/resource_index/parent_prefix_path/kinect_ros2
[0.903s] -- Up-to-date: /home/nour-mahgoub/Graduation_Rafeeq/install/kinect_ros2/share/kinect_ros2/environment/ament_prefix_path.sh
[0.904s] -- Up-to-date: /home/nour-mahgoub/Graduation_Rafeeq/install/kinect_ros2/share/kinect_ros2/environment/ament_prefix_path.dsv
[0.904s] -- Up-to-date: /home/nour-mahgoub/Graduation_Rafeeq/install/kinect_ros2/share/kinect_ros2/environment/path.sh
[0.904s] -- Up-to-date: /home/nour-mahgoub/Graduation_Rafeeq/install/kinect_ros2/share/kinect_ros2/environment/path.dsv
[0.904s] -- Up-to-date: /home/nour-mahgoub/Graduation_Rafeeq/install/kinect_ros2/share/kinect_ros2/local_setup.bash
[0.904s] -- Up-to-date: /home/nour-mahgoub/Graduation_Rafeeq/install/kinect_ros2/share/kinect_ros2/local_setup.sh
[0.904s] -- Up-to-date: /home/nour-mahgoub/Graduation_Rafeeq/install/kinect_ros2/share/kinect_ros2/local_setup.zsh
[0.905s] -- Up-to-date: /home/nour-mahgoub/Graduation_Rafeeq/install/kinect_ros2/share/kinect_ros2/local_setup.dsv
[0.905s] -- Installing: /home/nour-mahgoub/Graduation_Rafeeq/install/kinect_ros2/share/kinect_ros2/package.dsv
[0.905s] -- Up-to-date: /home/nour-mahgoub/Graduation_Rafeeq/install/kinect_ros2/share/ament_index/resource_index/packages/kinect_ros2
[0.905s] -- Up-to-date: /home/nour-mahgoub/Graduation_Rafeeq/install/kinect_ros2/share/ament_index/resource_index/rclcpp_components/kinect_ros2
[0.905s] -- Up-to-date: /home/nour-mahgoub/Graduation_Rafeeq/install/kinect_ros2/share/kinect_ros2/cmake/kinect_ros2Config.cmake
[0.906s] -- Up-to-date: /home/nour-mahgoub/Graduation_Rafeeq/install/kinect_ros2/share/kinect_ros2/cmake/kinect_ros2Config-version.cmake
[0.907s] -- Up-to-date: /home/nour-mahgoub/Graduation_Rafeeq/install/kinect_ros2/share/kinect_ros2/package.xml
[0.935s] Invoked command in '/home/nour-mahgoub/Graduation_Rafeeq/build/kinect_ros2' returned '0': CMAKE_PREFIX_PATH=${CMAKE_PREFIX_PATH}:/opt/ros/jazzy DEBUGINFOD_URLS=https://debuginfod.ubuntu.com /usr/bin/cmake --install /home/nour-mahgoub/Graduation_Rafeeq/build/kinect_ros2
