[0.042s] Invoking command in '/home/nour-mahgoub/Graduation_Rafeeq/build/rafeeq_bringup': CMAKE_PREFIX_PATH=${CMAKE_PREFIX_PATH}:/home/nour-mahgoub/Graduation_Rafeeq/install/view_robot_pkg:/home/nour-mahgoub/Graduation_Rafeeq/install/serial_node:/home/nour-mahgoub/Graduation_Rafeeq/install/rafeeq_description:/opt/ros/jazzy DEBUGINFOD_URLS=https://debuginfod.ubuntu.com /usr/bin/cmake --build /home/nour-mahgoub/Graduation_Rafeeq/build/rafeeq_bringup -- -j20 -l20
[0.279s] -- Found ament_cmake: 2.5.6 (/opt/ros/jazzy/share/ament_cmake/cmake)
[0.280s] -- Found ament_lint_auto: 0.17.5 (/opt/ros/jazzy/share/ament_lint_auto/cmake)
[0.362s] -- Added test 'flake8' to check Python code syntax and style conventions
[0.362s] -- Configured 'flake8' exclude dirs and/or files: 
[0.363s] -- Added test 'lint_cmake' to check CMake code style
[0.364s] -- Added test 'pep257' to check Python code against some of the docstring style conventions in PEP 257
[0.365s] -- Added test 'xmllint' to check XML markup files
[0.366s] -- Configuring done (0.3s)
[0.370s] -- Generating done (0.0s)
[0.371s] -- Build files have been written to: /home/nour-mahgoub/Graduation_Rafeeq/build/rafeeq_bringup
[0.520s] Invoked command in '/home/nour-mahgoub/Graduation_Rafeeq/build/rafeeq_bringup' returned '0': CMAKE_PREFIX_PATH=${CMAKE_PREFIX_PATH}:/home/nour-mahgoub/Graduation_Rafeeq/install/view_robot_pkg:/home/nour-mahgoub/Graduation_Rafeeq/install/serial_node:/home/nour-mahgoub/Graduation_Rafeeq/install/rafeeq_description:/opt/ros/jazzy DEBUGINFOD_URLS=https://debuginfod.ubuntu.com /usr/bin/cmake --build /home/nour-mahgoub/Graduation_Rafeeq/build/rafeeq_bringup -- -j20 -l20
[0.520s] Invoking command in '/home/nour-mahgoub/Graduation_Rafeeq/build/rafeeq_bringup': CMAKE_PREFIX_PATH=${CMAKE_PREFIX_PATH}:/home/nour-mahgoub/Graduation_Rafeeq/install/view_robot_pkg:/home/nour-mahgoub/Graduation_Rafeeq/install/serial_node:/home/nour-mahgoub/Graduation_Rafeeq/install/rafeeq_description:/opt/ros/jazzy DEBUGINFOD_URLS=https://debuginfod.ubuntu.com /usr/bin/cmake --install /home/nour-mahgoub/Graduation_Rafeeq/build/rafeeq_bringup
[0.524s] -- Install configuration: ""
[0.524s] -- Installing: /home/nour-mahgoub/Graduation_Rafeeq/install/rafeeq_bringup/share/rafeeq_bringup/launch
[0.524s] -- Installing: /home/nour-mahgoub/Graduation_Rafeeq/install/rafeeq_bringup/share/rafeeq_bringup/launch/rafeeq_navigation.launch.py
[0.524s] -- Installing: /home/nour-mahgoub/Graduation_Rafeeq/install/rafeeq_bringup/share/rafeeq_bringup/scripts
[0.524s] -- Installing: /home/nour-mahgoub/Graduation_Rafeeq/install/rafeeq_bringup/share/rafeeq_bringup/scripts/rafeeq_gazebo.sh
[0.525s] -- Installing: /home/nour-mahgoub/Graduation_Rafeeq/install/rafeeq_bringup/share/rafeeq_bringup/scripts/rafeeq_navigation.sh
[0.525s] -- Up-to-date: /home/nour-mahgoub/Graduation_Rafeeq/install/rafeeq_bringup/share/ament_index/resource_index/package_run_dependencies/rafeeq_bringup
[0.525s] -- Up-to-date: /home/nour-mahgoub/Graduation_Rafeeq/install/rafeeq_bringup/share/ament_index/resource_index/parent_prefix_path/rafeeq_bringup
[0.525s] -- Up-to-date: /home/nour-mahgoub/Graduation_Rafeeq/install/rafeeq_bringup/share/rafeeq_bringup/environment/ament_prefix_path.sh
[0.525s] -- Up-to-date: /home/nour-mahgoub/Graduation_Rafeeq/install/rafeeq_bringup/share/rafeeq_bringup/environment/ament_prefix_path.dsv
[0.525s] -- Up-to-date: /home/nour-mahgoub/Graduation_Rafeeq/install/rafeeq_bringup/share/rafeeq_bringup/environment/path.sh
[0.525s] -- Up-to-date: /home/nour-mahgoub/Graduation_Rafeeq/install/rafeeq_bringup/share/rafeeq_bringup/environment/path.dsv
[0.526s] -- Up-to-date: /home/nour-mahgoub/Graduation_Rafeeq/install/rafeeq_bringup/share/rafeeq_bringup/local_setup.bash
[0.526s] -- Up-to-date: /home/nour-mahgoub/Graduation_Rafeeq/install/rafeeq_bringup/share/rafeeq_bringup/local_setup.sh
[0.526s] -- Up-to-date: /home/nour-mahgoub/Graduation_Rafeeq/install/rafeeq_bringup/share/rafeeq_bringup/local_setup.zsh
[0.526s] -- Up-to-date: /home/nour-mahgoub/Graduation_Rafeeq/install/rafeeq_bringup/share/rafeeq_bringup/local_setup.dsv
[0.526s] -- Up-to-date: /home/nour-mahgoub/Graduation_Rafeeq/install/rafeeq_bringup/share/rafeeq_bringup/package.dsv
[0.526s] -- Up-to-date: /home/nour-mahgoub/Graduation_Rafeeq/install/rafeeq_bringup/share/ament_index/resource_index/packages/rafeeq_bringup
[0.526s] -- Up-to-date: /home/nour-mahgoub/Graduation_Rafeeq/install/rafeeq_bringup/share/rafeeq_bringup/cmake/rafeeq_bringupConfig.cmake
[0.526s] -- Up-to-date: /home/nour-mahgoub/Graduation_Rafeeq/install/rafeeq_bringup/share/rafeeq_bringup/cmake/rafeeq_bringupConfig-version.cmake
[0.527s] -- Up-to-date: /home/nour-mahgoub/Graduation_Rafeeq/install/rafeeq_bringup/share/rafeeq_bringup/package.xml
[0.527s] Invoked command in '/home/nour-mahgoub/Graduation_Rafeeq/build/rafeeq_bringup' returned '0': CMAKE_PREFIX_PATH=${CMAKE_PREFIX_PATH}:/home/nour-mahgoub/Graduation_Rafeeq/install/view_robot_pkg:/home/nour-mahgoub/Graduation_Rafeeq/install/serial_node:/home/nour-mahgoub/Graduation_Rafeeq/install/rafeeq_description:/opt/ros/jazzy DEBUGINFOD_URLS=https://debuginfod.ubuntu.com /usr/bin/cmake --install /home/nour-mahgoub/Graduation_Rafeeq/build/rafeeq_bringup
