[0.617s] Invoking command in '/home/nour-mahgoub/Graduation_Rafeeq/build/usb_cam': CMAKE_PREFIX_PATH=${CMAKE_PREFIX_PATH}:/opt/ros/jazzy DEBUGINFOD_URLS=https://debuginfod.ubuntu.com /usr/bin/cmake /home/nour-mahgoub/Graduation_Rafeeq/src/usb_cam -DCMAKE_INSTALL_PREFIX=/home/nour-mahgoub/Graduation_Rafeeq/install/usb_cam
[0.628s] [0mCMake Deprecation Warning at CMakeLists.txt:1 (cmake_minimum_required):
[0.628s]   Compatibility with CMake < 3.10 will be removed from a future version of
[0.629s]   CMake.
[0.629s] 
[0.629s]   Update the VERSION argument <min> value.  Or, use the <min>...<max> syntax
[0.629s]   to tell CMake that the project requires at least <min> but has been updated
[0.629s]   to work with policies introduced by <max> or earlier.
[0.629s] 
[0.629s] [0m
[0.686s] -- The C compiler identification is GNU 13.3.0
[0.806s] -- The CXX compiler identification is GNU 13.3.0
[0.820s] -- Detecting C compiler ABI info
[0.927s] -- Detecting C compiler ABI info - done
[0.957s] -- Check for working C compiler: /usr/bin/cc - skipped
[0.957s] -- Detecting C compile features
[0.958s] -- Detecting C compile features - done
[0.973s] -- Detecting CXX compiler ABI info
[1.091s] -- Detecting CXX compiler ABI info - done
[1.122s] -- Check for working CXX compiler: /usr/bin/c++ - skipped
[1.123s] -- Detecting CXX compile features
[1.124s] -- Detecting CXX compile features - done
[1.145s] -- Found ament_cmake_auto: 2.5.6 (/opt/ros/jazzy/share/ament_cmake_auto/cmake)
[1.585s] -- Found Python3: /usr/bin/python3 (found version "3.12.3") found components: Interpreter
[2.178s] -- Found rosidl_generator_c: 4.6.7 (/opt/ros/jazzy/share/rosidl_generator_c/cmake)
[2.224s] -- Found rosidl_generator_cpp: 4.6.7 (/opt/ros/jazzy/share/rosidl_generator_cpp/cmake)
[2.273s] -- Using all available rosidl_typesupport_c: rosidl_typesupport_fastrtps_c;rosidl_typesupport_introspection_c
[2.328s] -- Using all available rosidl_typesupport_cpp: rosidl_typesupport_fastrtps_cpp;rosidl_typesupport_introspection_cpp
[2.556s] -- Found rmw_implementation_cmake: 7.3.3 (/opt/ros/jazzy/share/rmw_implementation_cmake/cmake)
[2.567s] -- Found rmw_cyclonedds_cpp: 2.2.3 (/opt/ros/jazzy/share/rmw_cyclonedds_cpp/cmake)
[2.657s] -- Using RMW implementation 'rmw_cyclonedds_cpp' as default
[3.009s] -- Setting yaml-cpp_DIR to: '/opt/ros/jazzy/share/yaml_cpp_vendor/cmake/../../../opt/yaml_cpp_vendor/share/cmake/yaml-cpp'
[3.119s] -- Found TinyXML2 via Config file: /usr/lib/x86_64-linux-gnu/cmake/tinyxml2
[3.251s] -- Found rosidl_adapter: 4.6.7 (/opt/ros/jazzy/share/rosidl_adapter/cmake)
[3.260s] -- Found OpenCV: /usr (found version "4.6.0")
[3.267s] -- Found PkgConfig: /usr/bin/pkg-config (found version "1.8.1")
[3.268s] -- Checking for module 'libavcodec'
[3.294s] --   Found libavcodec, version 60.31.102
[3.344s] -- Checking for module 'libavutil'
[3.367s] --   Found libavutil, version 58.29.100
[3.418s] -- Checking for module 'libswscale'
[3.449s] --   Found libswscale, version 7.5.100
[3.519s] -- Found ament_lint_auto: 0.17.5 (/opt/ros/jazzy/share/ament_lint_auto/cmake)
[3.619s] -- Found gtest sources under '/opt/ros/jazzy/src/gtest_vendor': C++ tests using 'Google Test' will be built
[3.623s] [0mCMake Deprecation Warning at /opt/ros/jazzy/src/gtest_vendor/CMakeLists.txt:2 (cmake_minimum_required):
[3.623s]   Compatibility with CMake < 3.10 will be removed from a future version of
[3.623s]   CMake.
[3.623s] 
[3.623s]   Update the VERSION argument <min> value.  Or, use the <min>...<max> syntax
[3.624s]   to tell CMake that the project requires at least <min> but has been updated
[3.624s]   to work with policies introduced by <max> or earlier.
[3.624s] 
[3.624s] [0m
[3.626s] -- Performing Test CMAKE_HAVE_LIBC_PTHREAD
[3.744s] -- Performing Test CMAKE_HAVE_LIBC_PTHREAD - Success
[3.746s] -- Found Threads: TRUE
[3.753s] [0mIn this package, headers install destination is set to `include` by ament_auto_package. It is recommended to install `include/usb_cam` instead and will be the default behavior of ament_auto_package from ROS 2 Kilted Kaiju. On distributions before Kilted, ament_auto_package behaves the same way when you use USE_SCOPED_HEADER_INSTALL_DIR option.[0m
[3.760s] -- Added test 'copyright' to check source files copyright and LICENSE
[3.772s] -- Added test 'cppcheck' to perform static code analysis on C / C++ code
[3.773s] -- Configured cppcheck include dirs: /home/nour-mahgoub/Graduation_Rafeeq/src/usb_cam/include
[3.773s] -- Configured cppcheck exclude dirs and/or files: 
[3.783s] -- Added test 'cpplint' to check C / C++ code against the Google style
[3.784s] -- Configured cpplint exclude dirs and/or files: 
[3.786s] -- Added test 'flake8' to check Python code syntax and style conventions
[3.787s] -- Configured 'flake8' exclude dirs and/or files: 
[3.791s] -- Added test 'lint_cmake' to check CMake code style
[3.793s] -- Added test 'pep257' to check Python code against some of the docstring style conventions in PEP 257
[3.803s] -- Added test 'uncrustify' to check C / C++ code style
[3.803s] -- Configured uncrustify additional arguments: 
[3.806s] -- Added test 'xmllint' to check XML markup files
[3.812s] -- Configuring done (3.2s)
[3.883s] -- Generating done (0.1s)
[3.976s] -- Build files have been written to: /home/nour-mahgoub/Graduation_Rafeeq/build/usb_cam
