[0.076s] Invoking command in '/home/nour-mahgoub/Graduation_Rafeeq/build/kinect_ros2': CMAKE_PREFIX_PATH=${CMAKE_PREFIX_PATH}:/opt/ros/jazzy DEBUGINFOD_URLS=https://debuginfod.ubuntu.com /usr/bin/cmake /home/nour-mahgoub/Graduation_Rafeeq/src/kinect_ros2 -DCMAKE_INSTALL_PREFIX=/home/nour-mahgoub/Graduation_Rafeeq/install/kinect_ros2
[0.665s] -- The C compiler identification is GNU 13.3.0
[0.666s] -- The CXX compiler identification is GNU 13.3.0
[0.666s] -- Detecting C compiler ABI info
[0.667s] -- Detecting C compiler ABI info - done
[0.667s] -- Check for working C compiler: /usr/bin/cc - skipped
[0.667s] -- Detecting C compile features
[0.668s] -- Detecting C compile features - done
[0.668s] -- Detecting CXX compiler ABI info
[0.668s] -- Detecting CXX compiler ABI info - done
[0.669s] -- Check for working CXX compiler: /usr/bin/c++ - skipped
[0.669s] -- Detecting CXX compile features
[0.669s] -- Detecting CXX compile features - done
[0.669s] -- Found ament_cmake: 2.5.6 (/opt/ros/jazzy/share/ament_cmake/cmake)
[0.669s] [0mCMake Deprecation Warning at CMakeLists.txt:1 (cmake_minimum_required):
[0.669s]   Compatibility with CMake < 3.10 will be removed from a future version of
[0.669s]   CMake.
[0.669s] 
[0.669s]   Update the VERSION argument <min> value.  Or, use the <min>...<max> syntax
[0.669s]   to tell CMake that the project requires at least <min> but has been updated
[0.669s]   to work with policies introduced by <max> or earlier.
[0.670s] 
[0.670s] [0m
[0.998s] -- Found Python3: /usr/bin/python3 (found version "3.12.3") found components: Interpreter
[1.229s] -- Found rclcpp_components: 28.1.18 (/opt/ros/jazzy/share/rclcpp_components/cmake)
[1.361s] -- Found rosidl_generator_c: 4.6.7 (/opt/ros/jazzy/share/rosidl_generator_c/cmake)
[1.386s] -- Found rosidl_generator_cpp: 4.6.7 (/opt/ros/jazzy/share/rosidl_generator_cpp/cmake)
[1.417s] -- Using all available rosidl_typesupport_c: rosidl_typesupport_fastrtps_c;rosidl_typesupport_introspection_c
[1.443s] -- Using all available rosidl_typesupport_cpp: rosidl_typesupport_fastrtps_cpp;rosidl_typesupport_introspection_cpp
[1.606s] -- Found rmw_implementation_cmake: 7.3.3 (/opt/ros/jazzy/share/rmw_implementation_cmake/cmake)
[1.611s] -- Found rmw_cyclonedds_cpp: 2.2.3 (/opt/ros/jazzy/share/rmw_cyclonedds_cpp/cmake)
[1.665s] -- Using RMW implementation 'rmw_cyclonedds_cpp' as default
[1.773s] -- Found OpenCV: /usr (found version "4.6.0")
[1.778s] -- Found sensor_msgs: 5.3.7 (/opt/ros/jazzy/share/sensor_msgs/cmake)
[1.862s] -- Found cv_bridge: 4.1.0 (/opt/ros/jazzy/share/cv_bridge/cmake)
[1.872s] -- Found image_transport: 5.1.7 (/opt/ros/jazzy/share/image_transport/cmake)
[1.903s] -- Found TinyXML2 via Config file: /usr/lib/x86_64-linux-gnu/cmake/tinyxml2
[1.910s] -- Found depth_image_proc: 5.0.11 (/opt/ros/jazzy/share/depth_image_proc/cmake)
[1.939s] -- Setting yaml-cpp_DIR to: '/opt/ros/jazzy/share/yaml_cpp_vendor/cmake/../../../opt/yaml_cpp_vendor/share/cmake/yaml-cpp'
[1.996s] -- Found eigen3_cmake_module: 0.3.0 (/opt/ros/jazzy/share/eigen3_cmake_module/cmake)
[1.998s] -- Found Eigen3: TRUE (found version "3.4.0")
[1.998s] -- Ensuring Eigen3 include directory is part of orocos-kdl CMake target
[2.219s] -- Found camera_info_manager: 5.1.7 (/opt/ros/jazzy/share/camera_info_manager/cmake)
[2.395s] -- Configuring done (2.3s)
[2.426s] -- Generating done (0.0s)
[2.481s] -- Build files have been written to: /home/nour-mahgoub/Graduation_Rafeeq/build/kinect_ros2
[2.493s] Invoked command in '/home/nour-mahgoub/Graduation_Rafeeq/build/kinect_ros2' returned '0': CMAKE_PREFIX_PATH=${CMAKE_PREFIX_PATH}:/opt/ros/jazzy DEBUGINFOD_URLS=https://debuginfod.ubuntu.com /usr/bin/cmake /home/nour-mahgoub/Graduation_Rafeeq/src/kinect_ros2 -DCMAKE_INSTALL_PREFIX=/home/nour-mahgoub/Graduation_Rafeeq/install/kinect_ros2
[2.494s] Invoking command in '/home/nour-mahgoub/Graduation_Rafeeq/build/kinect_ros2': CMAKE_PREFIX_PATH=${CMAKE_PREFIX_PATH}:/opt/ros/jazzy DEBUGINFOD_URLS=https://debuginfod.ubuntu.com /usr/bin/cmake --build /home/nour-mahgoub/Graduation_Rafeeq/build/kinect_ros2 -- -j20 -l20
[2.541s] [ 25%] [32mBuilding CXX object CMakeFiles/kinect_ros2_component.dir/src/kinect_ros2_component.cpp.o[0m
[3.201s] In file included from [01m[K/home/nour-mahgoub/Graduation_Rafeeq/src/kinect_ros2/src/kinect_ros2_component.cpp:1[m[K:
[3.201s] [01m[K/home/nour-mahgoub/Graduation_Rafeeq/src/kinect_ros2/include/kinect_ros2/kinect_ros2_component.hpp:12:10:[m[K [01;31m[Kfatal error: [m[Kcv_bridge/cv_bridge.h: No such file or directory
[3.201s]    12 | #include [01;31m[K"cv_bridge/cv_bridge.h"[m[K
[3.201s]       |          [01;31m[K^~~~~~~~~~~~~~~~~~~~~~~[m[K
[3.201s] compilation terminated.
[3.205s] gmake[2]: *** [CMakeFiles/kinect_ros2_component.dir/build.make:79: CMakeFiles/kinect_ros2_component.dir/src/kinect_ros2_component.cpp.o] Error 1
[3.205s] gmake[1]: *** [CMakeFiles/Makefile2:156: CMakeFiles/kinect_ros2_component.dir/all] Error 2
[3.205s] gmake: *** [Makefile:146: all] Error 2
[3.207s] Invoked command in '/home/nour-mahgoub/Graduation_Rafeeq/build/kinect_ros2' returned '2': CMAKE_PREFIX_PATH=${CMAKE_PREFIX_PATH}:/opt/ros/jazzy DEBUGINFOD_URLS=https://debuginfod.ubuntu.com /usr/bin/cmake --build /home/nour-mahgoub/Graduation_Rafeeq/build/kinect_ros2 -- -j20 -l20
