[0.265s] Invoking command in '/home/nour-mahgoub/Graduation_Rafeeq/build/rafeeq_slam': CMAKE_PREFIX_PATH=${CMAKE_PREFIX_PATH}:/home/nour-mahgoub/Graduation_Rafeeq/install/view_robot_pkg:/home/nour-mahgoub/Graduation_Rafeeq/install/serial_node:/home/nour-mahgoub/Graduation_Rafeeq/install/rafeeq_description:/opt/ros/jazzy DEBUGINFOD_URLS=https://debuginfod.ubuntu.com /usr/bin/cmake --build /home/nour-mahgoub/Graduation_Rafeeq/build/rafeeq_slam -- -j20 -l20
[0.511s] Invoked command in '/home/nour-mahgoub/Graduation_Rafeeq/build/rafeeq_slam' returned '0': CMAKE_PREFIX_PATH=${CMAKE_PREFIX_PATH}:/home/nour-mahgoub/Graduation_Rafeeq/install/view_robot_pkg:/home/nour-mahgoub/Graduation_Rafeeq/install/serial_node:/home/nour-mahgoub/Graduation_Rafeeq/install/rafeeq_description:/opt/ros/jazzy DEBUGINFOD_URLS=https://debuginfod.ubuntu.com /usr/bin/cmake --build /home/nour-mahgoub/Graduation_Rafeeq/build/rafeeq_slam -- -j20 -l20
[0.512s] Invoking command in '/home/nour-mahgoub/Graduation_Rafeeq/build/rafeeq_slam': CMAKE_PREFIX_PATH=${CMAKE_PREFIX_PATH}:/home/nour-mahgoub/Graduation_Rafeeq/install/view_robot_pkg:/home/nour-mahgoub/Graduation_Rafeeq/install/serial_node:/home/nour-mahgoub/Graduation_Rafeeq/install/rafeeq_description:/opt/ros/jazzy DEBUGINFOD_URLS=https://debuginfod.ubuntu.com /usr/bin/cmake --install /home/nour-mahgoub/Graduation_Rafeeq/build/rafeeq_slam
[0.540s] -- Install configuration: ""
[0.540s] -- Up-to-date: /home/nour-mahgoub/Graduation_Rafeeq/install/rafeeq_slam/share/rafeeq_slam//launch
[0.541s] -- Up-to-date: /home/nour-mahgoub/Graduation_Rafeeq/install/rafeeq_slam/share/rafeeq_slam//launch/slam.launch.py
[0.541s] -- Up-to-date: /home/nour-mahgoub/Graduation_Rafeeq/install/rafeeq_slam/share/rafeeq_slam//config
[0.541s] -- Up-to-date: /home/nour-mahgoub/Graduation_Rafeeq/install/rafeeq_slam/share/rafeeq_slam//config/rviz_config.yaml
[0.541s] -- Up-to-date: /home/nour-mahgoub/Graduation_Rafeeq/install/rafeeq_slam/share/rafeeq_slam//config/slam_param_config.yaml
[0.541s] -- Up-to-date: /home/nour-mahgoub/Graduation_Rafeeq/install/rafeeq_slam/share/rafeeq_slam//maps
[0.541s] -- Up-to-date: /home/nour-mahgoub/Graduation_Rafeeq/install/rafeeq_slam/share/ament_index/resource_index/package_run_dependencies/rafeeq_slam
[0.541s] -- Up-to-date: /home/nour-mahgoub/Graduation_Rafeeq/install/rafeeq_slam/share/ament_index/resource_index/parent_prefix_path/rafeeq_slam
[0.541s] -- Up-to-date: /home/nour-mahgoub/Graduation_Rafeeq/install/rafeeq_slam/share/rafeeq_slam/environment/ament_prefix_path.sh
[0.541s] -- Up-to-date: /home/nour-mahgoub/Graduation_Rafeeq/install/rafeeq_slam/share/rafeeq_slam/environment/ament_prefix_path.dsv
[0.541s] -- Up-to-date: /home/nour-mahgoub/Graduation_Rafeeq/install/rafeeq_slam/share/rafeeq_slam/environment/path.sh
[0.541s] -- Up-to-date: /home/nour-mahgoub/Graduation_Rafeeq/install/rafeeq_slam/share/rafeeq_slam/environment/path.dsv
[0.541s] -- Up-to-date: /home/nour-mahgoub/Graduation_Rafeeq/install/rafeeq_slam/share/rafeeq_slam/local_setup.bash
[0.541s] -- Up-to-date: /home/nour-mahgoub/Graduation_Rafeeq/install/rafeeq_slam/share/rafeeq_slam/local_setup.sh
[0.541s] -- Up-to-date: /home/nour-mahgoub/Graduation_Rafeeq/install/rafeeq_slam/share/rafeeq_slam/local_setup.zsh
[0.541s] -- Up-to-date: /home/nour-mahgoub/Graduation_Rafeeq/install/rafeeq_slam/share/rafeeq_slam/local_setup.dsv
[0.541s] -- Installing: /home/nour-mahgoub/Graduation_Rafeeq/install/rafeeq_slam/share/rafeeq_slam/package.dsv
[0.542s] -- Up-to-date: /home/nour-mahgoub/Graduation_Rafeeq/install/rafeeq_slam/share/ament_index/resource_index/packages/rafeeq_slam
[0.542s] -- Up-to-date: /home/nour-mahgoub/Graduation_Rafeeq/install/rafeeq_slam/share/rafeeq_slam/cmake/rafeeq_slamConfig.cmake
[0.542s] -- Up-to-date: /home/nour-mahgoub/Graduation_Rafeeq/install/rafeeq_slam/share/rafeeq_slam/cmake/rafeeq_slamConfig-version.cmake
[0.542s] -- Up-to-date: /home/nour-mahgoub/Graduation_Rafeeq/install/rafeeq_slam/share/rafeeq_slam/package.xml
[0.551s] Invoked command in '/home/nour-mahgoub/Graduation_Rafeeq/build/rafeeq_slam' returned '0': CMAKE_PREFIX_PATH=${CMAKE_PREFIX_PATH}:/home/nour-mahgoub/Graduation_Rafeeq/install/view_robot_pkg:/home/nour-mahgoub/Graduation_Rafeeq/install/serial_node:/home/nour-mahgoub/Graduation_Rafeeq/install/rafeeq_description:/opt/ros/jazzy DEBUGINFOD_URLS=https://debuginfod.ubuntu.com /usr/bin/cmake --install /home/nour-mahgoub/Graduation_Rafeeq/build/rafeeq_slam
