[0.054s] Invoking command in '/home/nour-mahgoub/Graduation_Rafeeq/build/kinect_ros2': CMAKE_PREFIX_PATH=${CMAKE_PREFIX_PATH}:/opt/ros/jazzy DEBUGINFOD_URLS=https://debuginfod.ubuntu.com /usr/bin/cmake --build /home/nour-mahgoub/Graduation_Rafeeq/build/kinect_ros2 -- -j20 -l20
[0.530s] [ 50%] Built target kinect_ros2_component
[0.530s] [100%] Built target kinect_ros2_node
[0.535s] Invoked command in '/home/nour-mahgoub/Graduation_Rafeeq/build/kinect_ros2' returned '0': CMAKE_PREFIX_PATH=${CMAKE_PREFIX_PATH}:/opt/ros/jazzy DEBUGINFOD_URLS=https://debuginfod.ubuntu.com /usr/bin/cmake --build /home/nour-mahgoub/Graduation_Rafeeq/build/kinect_ros2 -- -j20 -l20
[0.540s] Invoking command in '/home/nour-mahgoub/Graduation_Rafeeq/build/kinect_ros2': CMAKE_PREFIX_PATH=${CMAKE_PREFIX_PATH}:/opt/ros/jazzy DEBUGINFOD_URLS=https://debuginfod.ubuntu.com /usr/bin/cmake --install /home/nour-mahgoub/Graduation_Rafeeq/build/kinect_ros2
[0.553s] -- Install configuration: ""
[0.554s] -- Execute custom install script
[0.554s] -- Up-to-date symlink: /home/nour-mahgoub/Graduation_Rafeeq/install/kinect_ros2/lib/libkinect_ros2_component.so
[0.554s] -- Up-to-date symlink: /home/nour-mahgoub/Graduation_Rafeeq/install/kinect_ros2/lib/kinect_ros2/kinect_ros2_node
[0.555s] -- Up-to-date symlink: /home/nour-mahgoub/Graduation_Rafeeq/install/kinect_ros2/share/kinect_ros2/cfg/calibration_depth.yaml
[0.555s] -- Up-to-date symlink: /home/nour-mahgoub/Graduation_Rafeeq/install/kinect_ros2/share/kinect_ros2/cfg/calibration_rgb.yaml
[0.555s] -- Up-to-date symlink: /home/nour-mahgoub/Graduation_Rafeeq/install/kinect_ros2/share/kinect_ros2/launch/pointcloud.launch.py
[0.555s] -- Up-to-date symlink: /home/nour-mahgoub/Graduation_Rafeeq/install/kinect_ros2/share/kinect_ros2/launch/showimage.launch.py
[0.555s] -- Up-to-date symlink: /home/nour-mahgoub/Graduation_Rafeeq/install/kinect_ros2/share/kinect_ros2/rviz/pointcloud.rviz
[0.555s] -- Up-to-date symlink: /home/nour-mahgoub/Graduation_Rafeeq/install/kinect_ros2/share/ament_index/resource_index/package_run_dependencies/kinect_ros2
[0.555s] -- Up-to-date symlink: /home/nour-mahgoub/Graduation_Rafeeq/install/kinect_ros2/share/ament_index/resource_index/parent_prefix_path/kinect_ros2
[0.555s] -- Up-to-date symlink: /home/nour-mahgoub/Graduation_Rafeeq/install/kinect_ros2/share/kinect_ros2/environment/ament_prefix_path.sh
[0.555s] -- Up-to-date symlink: /home/nour-mahgoub/Graduation_Rafeeq/install/kinect_ros2/share/kinect_ros2/environment/ament_prefix_path.dsv
[0.555s] -- Up-to-date symlink: /home/nour-mahgoub/Graduation_Rafeeq/install/kinect_ros2/share/kinect_ros2/environment/path.sh
[0.556s] -- Up-to-date symlink: /home/nour-mahgoub/Graduation_Rafeeq/install/kinect_ros2/share/kinect_ros2/environment/path.dsv
[0.556s] -- Up-to-date symlink: /home/nour-mahgoub/Graduation_Rafeeq/install/kinect_ros2/share/kinect_ros2/local_setup.bash
[0.556s] -- Up-to-date symlink: /home/nour-mahgoub/Graduation_Rafeeq/install/kinect_ros2/share/kinect_ros2/local_setup.sh
[0.556s] -- Up-to-date symlink: /home/nour-mahgoub/Graduation_Rafeeq/install/kinect_ros2/share/kinect_ros2/local_setup.zsh
[0.556s] -- Up-to-date symlink: /home/nour-mahgoub/Graduation_Rafeeq/install/kinect_ros2/share/kinect_ros2/local_setup.dsv
[0.556s] -- Symlinking: /home/nour-mahgoub/Graduation_Rafeeq/install/kinect_ros2/share/kinect_ros2/package.dsv
[0.569s] -- Up-to-date symlink: /home/nour-mahgoub/Graduation_Rafeeq/install/kinect_ros2/share/ament_index/resource_index/packages/kinect_ros2
[0.569s] -- Up-to-date symlink: /home/nour-mahgoub/Graduation_Rafeeq/install/kinect_ros2/share/ament_index/resource_index/rclcpp_components/kinect_ros2
[0.570s] -- Up-to-date symlink: /home/nour-mahgoub/Graduation_Rafeeq/install/kinect_ros2/share/kinect_ros2/cmake/kinect_ros2Config.cmake
[0.570s] -- Up-to-date symlink: /home/nour-mahgoub/Graduation_Rafeeq/install/kinect_ros2/share/kinect_ros2/cmake/kinect_ros2Config-version.cmake
[0.570s] -- Up-to-date symlink: /home/nour-mahgoub/Graduation_Rafeeq/install/kinect_ros2/share/kinect_ros2/package.xml
[0.634s] Invoked command in '/home/nour-mahgoub/Graduation_Rafeeq/build/kinect_ros2' returned '0': CMAKE_PREFIX_PATH=${CMAKE_PREFIX_PATH}:/opt/ros/jazzy DEBUGINFOD_URLS=https://debuginfod.ubuntu.com /usr/bin/cmake --install /home/nour-mahgoub/Graduation_Rafeeq/build/kinect_ros2
