[0.032s] Invoking command in '/home/nour-mahgoub/Graduation_Rafeeq/build/rafeeq__navigation': CMAKE_PREFIX_PATH=${CMAKE_PREFIX_PATH}:/opt/ros/jazzy DEBUGINFOD_URLS=https://debuginfod.ubuntu.com /usr/bin/cmake --build /home/nour-mahgoub/Graduation_Rafeeq/build/rafeeq__navigation -- -j20 -l20
[0.198s] -- Found ament_cmake: 2.5.6 (/opt/ros/jazzy/share/ament_cmake/cmake)
[0.268s] -- Found navigation2: 1.3.11 (/opt/ros/jazzy/share/navigation2/cmake)
[0.269s] -- Found nav2_bringup: 1.3.11 (/opt/ros/jazzy/share/nav2_bringup/cmake)
[0.269s] -- Found slam_toolbox: 2.8.4 (/opt/ros/jazzy/share/slam_toolbox/cmake)
[0.299s] -- Found rosidl_generator_c: 4.6.7 (/opt/ros/jazzy/share/rosidl_generator_c/cmake)
[0.305s] -- Found rosidl_generator_cpp: 4.6.7 (/opt/ros/jazzy/share/rosidl_generator_cpp/cmake)
[0.312s] -- Using all available rosidl_typesupport_c: rosidl_typesupport_fastrtps_c;rosidl_typesupport_introspection_c
[0.320s] -- Using all available rosidl_typesupport_cpp: rosidl_typesupport_fastrtps_cpp;rosidl_typesupport_introspection_cpp
[0.453s] -- Found rmw_implementation_cmake: 7.3.3 (/opt/ros/jazzy/share/rmw_implementation_cmake/cmake)
[0.454s] -- Found rmw_cyclonedds_cpp: 2.2.3 (/opt/ros/jazzy/share/rmw_cyclonedds_cpp/cmake)
[0.471s] -- Using RMW implementation 'rmw_cyclonedds_cpp' as default
[0.592s] -- Found TinyXML2 via Config file: /usr/lib/x86_64-linux-gnu/cmake/tinyxml2
[0.595s] -- Found eigen3_cmake_module: 0.3.0 (/opt/ros/jazzy/share/eigen3_cmake_module/cmake)
[0.595s] -- Ensuring Eigen3 include directory is part of orocos-kdl CMake target
[0.660s] -- Setting OGRE_DIR to: '/opt/ros/jazzy/share/rviz_ogre_vendor/cmake/../../../opt/rviz_ogre_vendor/lib/OGRE/cmake'
[0.661s] -- Found OGRE
[0.661s] --   static     : OFF
[0.661s] --   components : MeshLodGenerator;Overlay;Paging;Property;RTShaderSystem;Terrain;Volume
[0.661s] --   plugins    : Plugin_BSPSceneManager;Plugin_OctreeSceneManager;Plugin_PCZSceneManager;Plugin_ParticleFX;RenderSystem_GL;RenderSystem_GL3Plus;Codec_STBI
[0.661s] --   media      : /opt/ros/jazzy/opt/rviz_ogre_vendor/share/OGRE/Media
[0.661s] -- OGRE_LIBRARIES: OgreMeshLodGenerator;OgreOverlay;OgrePaging;OgreProperty;OgreRTShaderSystem;OgreTerrain;OgreVolume;OgreMain
[0.661s] -- OGRE_LIBRARY_DIRS: /opt/ros/jazzy/opt/rviz_ogre_vendor/lib
[0.661s] -- OGRE_PLUGINS: Plugin_BSPSceneManager;Plugin_OctreeSceneManager;Plugin_PCZSceneManager;Plugin_ParticleFX;RenderSystem_GL;RenderSystem_GL3Plus;Codec_STBI
[0.661s] -- OGRE_PLUGIN_DIR: /opt/ros/jazzy/opt/rviz_ogre_vendor/lib/OGRE
[0.661s] -- rviz_ogre_vendor::OgreOverlay for IMPORTED_LOCATION_RELEASE: /opt/ros/jazzy/opt/rviz_ogre_vendor/lib/libOgreOverlay.so
[0.661s] -- rviz_ogre_vendor::OgreOverlay for IMPORTED_LOCATION_DEBUG: /opt/ros/jazzy/opt/rviz_ogre_vendor/lib/libOgreOverlay.so
[0.662s] -- rviz_ogre_vendor::OgreMain for IMPORTED_LOCATION_RELEASE: /opt/ros/jazzy/opt/rviz_ogre_vendor/lib/libOgreMain.so
[0.662s] -- rviz_ogre_vendor::OgreMain for IMPORTED_LOCATION_DEBUG: /opt/ros/jazzy/opt/rviz_ogre_vendor/lib/libOgreMain.so
[0.759s] -- Setting yaml-cpp_DIR to: '/opt/ros/jazzy/share/yaml_cpp_vendor/cmake/../../../opt/yaml_cpp_vendor/share/cmake/yaml-cpp'
[0.886s] -- Found ament_lint_auto: 0.17.5 (/opt/ros/jazzy/share/ament_lint_auto/cmake)
[0.979s] -- Added test 'lint_cmake' to check CMake code style
[0.980s] -- Added test 'xmllint' to check XML markup files
[0.981s] -- Configuring done (0.9s)
[0.989s] -- Generating done (0.0s)
[1.054s] -- Build files have been written to: /home/nour-mahgoub/Graduation_Rafeeq/build/rafeeq__navigation
[1.071s] Invoked command in '/home/nour-mahgoub/Graduation_Rafeeq/build/rafeeq__navigation' returned '0': CMAKE_PREFIX_PATH=${CMAKE_PREFIX_PATH}:/opt/ros/jazzy DEBUGINFOD_URLS=https://debuginfod.ubuntu.com /usr/bin/cmake --build /home/nour-mahgoub/Graduation_Rafeeq/build/rafeeq__navigation -- -j20 -l20
[1.073s] Invoking command in '/home/nour-mahgoub/Graduation_Rafeeq/build/rafeeq__navigation': CMAKE_PREFIX_PATH=${CMAKE_PREFIX_PATH}:/opt/ros/jazzy DEBUGINFOD_URLS=https://debuginfod.ubuntu.com /usr/bin/cmake --install /home/nour-mahgoub/Graduation_Rafeeq/build/rafeeq__navigation
[1.076s] -- Install configuration: ""
[1.076s] -- Up-to-date: /home/nour-mahgoub/Graduation_Rafeeq/install/rafeeq__navigation/share/ament_index/resource_index/package_run_dependencies/rafeeq__navigation
[1.076s] -- Up-to-date: /home/nour-mahgoub/Graduation_Rafeeq/install/rafeeq__navigation/share/ament_index/resource_index/parent_prefix_path/rafeeq__navigation
[1.076s] -- Up-to-date: /home/nour-mahgoub/Graduation_Rafeeq/install/rafeeq__navigation/share/rafeeq__navigation/environment/ament_prefix_path.sh
[1.076s] -- Up-to-date: /home/nour-mahgoub/Graduation_Rafeeq/install/rafeeq__navigation/share/rafeeq__navigation/environment/ament_prefix_path.dsv
[1.077s] -- Up-to-date: /home/nour-mahgoub/Graduation_Rafeeq/install/rafeeq__navigation/share/rafeeq__navigation/environment/path.sh
[1.077s] -- Up-to-date: /home/nour-mahgoub/Graduation_Rafeeq/install/rafeeq__navigation/share/rafeeq__navigation/environment/path.dsv
[1.077s] -- Up-to-date: /home/nour-mahgoub/Graduation_Rafeeq/install/rafeeq__navigation/share/rafeeq__navigation/local_setup.bash
[1.077s] -- Up-to-date: /home/nour-mahgoub/Graduation_Rafeeq/install/rafeeq__navigation/share/rafeeq__navigation/local_setup.sh
[1.077s] -- Up-to-date: /home/nour-mahgoub/Graduation_Rafeeq/install/rafeeq__navigation/share/rafeeq__navigation/local_setup.zsh
[1.077s] -- Up-to-date: /home/nour-mahgoub/Graduation_Rafeeq/install/rafeeq__navigation/share/rafeeq__navigation/local_setup.dsv
[1.077s] -- Up-to-date: /home/nour-mahgoub/Graduation_Rafeeq/install/rafeeq__navigation/share/rafeeq__navigation/package.dsv
[1.077s] -- Up-to-date: /home/nour-mahgoub/Graduation_Rafeeq/install/rafeeq__navigation/share/ament_index/resource_index/packages/rafeeq__navigation
[1.077s] -- Up-to-date: /home/nour-mahgoub/Graduation_Rafeeq/install/rafeeq__navigation/share/rafeeq__navigation/cmake/rafeeq__navigationConfig.cmake
[1.077s] -- Up-to-date: /home/nour-mahgoub/Graduation_Rafeeq/install/rafeeq__navigation/share/rafeeq__navigation/cmake/rafeeq__navigationConfig-version.cmake
[1.077s] -- Up-to-date: /home/nour-mahgoub/Graduation_Rafeeq/install/rafeeq__navigation/share/rafeeq__navigation/package.xml
[1.078s] Invoked command in '/home/nour-mahgoub/Graduation_Rafeeq/build/rafeeq__navigation' returned '0': CMAKE_PREFIX_PATH=${CMAKE_PREFIX_PATH}:/opt/ros/jazzy DEBUGINFOD_URLS=https://debuginfod.ubuntu.com /usr/bin/cmake --install /home/nour-mahgoub/Graduation_Rafeeq/build/rafeeq__navigation
