[0.253s] Invoking command in '/home/nour-mahgoub/Graduation_Rafeeq/build/rafeeq_slam': CMAKE_PREFIX_PATH=${CMAKE_PREFIX_PATH}:/opt/ros/jazzy DEBUGINFOD_URLS=https://debuginfod.ubuntu.com /usr/bin/cmake --build /home/nour-mahgoub/Graduation_Rafeeq/build/rafeeq_slam -- -j20 -l20
[0.486s] -- Found ament_cmake: 2.5.6 (/opt/ros/jazzy/share/ament_cmake/cmake)
[0.487s] -- Found ament_lint_auto: 0.17.5 (/opt/ros/jazzy/share/ament_lint_auto/cmake)
[0.564s] -- Added test 'flake8' to check Python code syntax and style conventions
[0.564s] -- Configured 'flake8' exclude dirs and/or files: 
[0.564s] -- Added test 'lint_cmake' to check CMake code style
[0.565s] -- Added test 'pep257' to check Python code against some of the docstring style conventions in PEP 257
[0.566s] -- Added test 'xmllint' to check XML markup files
[0.566s] -- Configuring done (0.3s)
[0.570s] -- Generating done (0.0s)
[0.572s] -- Build files have been written to: /home/nour-mahgoub/Graduation_Rafeeq/build/rafeeq_slam
[0.586s] Invoked command in '/home/nour-mahgoub/Graduation_Rafeeq/build/rafeeq_slam' returned '0': CMAKE_PREFIX_PATH=${CMAKE_PREFIX_PATH}:/opt/ros/jazzy DEBUGINFOD_URLS=https://debuginfod.ubuntu.com /usr/bin/cmake --build /home/nour-mahgoub/Graduation_Rafeeq/build/rafeeq_slam -- -j20 -l20
[0.586s] Invoking command in '/home/nour-mahgoub/Graduation_Rafeeq/build/rafeeq_slam': CMAKE_PREFIX_PATH=${CMAKE_PREFIX_PATH}:/opt/ros/jazzy DEBUGINFOD_URLS=https://debuginfod.ubuntu.com /usr/bin/cmake --install /home/nour-mahgoub/Graduation_Rafeeq/build/rafeeq_slam
[0.595s] -- Install configuration: ""
[0.595s] -- Up-to-date: /home/nour-mahgoub/Graduation_Rafeeq/install/rafeeq_slam/share/rafeeq_slam//launch
[0.595s] -- Up-to-date: /home/nour-mahgoub/Graduation_Rafeeq/install/rafeeq_slam/share/rafeeq_slam//launch/slam.launch.py
[0.595s] -- Up-to-date: /home/nour-mahgoub/Graduation_Rafeeq/install/rafeeq_slam/share/rafeeq_slam//config
[0.595s] -- Up-to-date: /home/nour-mahgoub/Graduation_Rafeeq/install/rafeeq_slam/share/rafeeq_slam//config/rviz_config.yaml
[0.596s] -- Up-to-date: /home/nour-mahgoub/Graduation_Rafeeq/install/rafeeq_slam/share/rafeeq_slam//config/slam_param_config.yaml
[0.596s] -- Up-to-date: /home/nour-mahgoub/Graduation_Rafeeq/install/rafeeq_slam/share/rafeeq_slam//maps
[0.596s] -- Up-to-date: /home/nour-mahgoub/Graduation_Rafeeq/install/rafeeq_slam/share/ament_index/resource_index/package_run_dependencies/rafeeq_slam
[0.596s] -- Up-to-date: /home/nour-mahgoub/Graduation_Rafeeq/install/rafeeq_slam/share/ament_index/resource_index/parent_prefix_path/rafeeq_slam
[0.596s] -- Up-to-date: /home/nour-mahgoub/Graduation_Rafeeq/install/rafeeq_slam/share/rafeeq_slam/environment/ament_prefix_path.sh
[0.596s] -- Up-to-date: /home/nour-mahgoub/Graduation_Rafeeq/install/rafeeq_slam/share/rafeeq_slam/environment/ament_prefix_path.dsv
[0.596s] -- Up-to-date: /home/nour-mahgoub/Graduation_Rafeeq/install/rafeeq_slam/share/rafeeq_slam/environment/path.sh
[0.596s] -- Up-to-date: /home/nour-mahgoub/Graduation_Rafeeq/install/rafeeq_slam/share/rafeeq_slam/environment/path.dsv
[0.596s] -- Up-to-date: /home/nour-mahgoub/Graduation_Rafeeq/install/rafeeq_slam/share/rafeeq_slam/local_setup.bash
[0.596s] -- Up-to-date: /home/nour-mahgoub/Graduation_Rafeeq/install/rafeeq_slam/share/rafeeq_slam/local_setup.sh
[0.596s] -- Up-to-date: /home/nour-mahgoub/Graduation_Rafeeq/install/rafeeq_slam/share/rafeeq_slam/local_setup.zsh
[0.596s] -- Up-to-date: /home/nour-mahgoub/Graduation_Rafeeq/install/rafeeq_slam/share/rafeeq_slam/local_setup.dsv
[0.596s] -- Up-to-date: /home/nour-mahgoub/Graduation_Rafeeq/install/rafeeq_slam/share/rafeeq_slam/package.dsv
[0.596s] -- Up-to-date: /home/nour-mahgoub/Graduation_Rafeeq/install/rafeeq_slam/share/ament_index/resource_index/packages/rafeeq_slam
[0.596s] -- Up-to-date: /home/nour-mahgoub/Graduation_Rafeeq/install/rafeeq_slam/share/rafeeq_slam/cmake/rafeeq_slamConfig.cmake
[0.596s] -- Up-to-date: /home/nour-mahgoub/Graduation_Rafeeq/install/rafeeq_slam/share/rafeeq_slam/cmake/rafeeq_slamConfig-version.cmake
[0.596s] -- Up-to-date: /home/nour-mahgoub/Graduation_Rafeeq/install/rafeeq_slam/share/rafeeq_slam/package.xml
[0.596s] Invoked command in '/home/nour-mahgoub/Graduation_Rafeeq/build/rafeeq_slam' returned '0': CMAKE_PREFIX_PATH=${CMAKE_PREFIX_PATH}:/opt/ros/jazzy DEBUGINFOD_URLS=https://debuginfod.ubuntu.com /usr/bin/cmake --install /home/nour-mahgoub/Graduation_Rafeeq/build/rafeeq_slam
