running develop
running egg_info
writing rafeeq_description.egg-info/PKG-INFO
writing dependency_links to rafeeq_description.egg-info/dependency_links.txt
writing entry points to rafeeq_description.egg-info/entry_points.txt
writing requirements to rafeeq_description.egg-info/requires.txt
writing top-level names to rafeeq_description.egg-info/top_level.txt
reading manifest file 'rafeeq_description.egg-info/SOURCES.txt'
writing manifest file 'rafeeq_description.egg-info/SOURCES.txt'
running build_ext
Creating /home/nour-mahgoub/Graduation_Rafeeq/install/rafeeq_description/lib/python3.12/site-packages/rafeeq-description.egg-link (link to .)
Installing scan_relay script to /home/nour-mahgoub/Graduation_Rafeeq/install/rafeeq_description/lib/rafeeq_description
Installing teleop_keyboard script to /home/nour-mahgoub/Graduation_Rafeeq/install/rafeeq_description/lib/rafeeq_description

Installed /home/nour-mahgoub/Graduation_Rafeeq/build/rafeeq_description
running symlink_data
symbolically linking /home/nour-mahgoub/Graduation_Rafeeq/build/rafeeq_description/resource/rafeeq_description -> /home/nour-mahgoub/Graduation_Rafeeq/install/rafeeq_description/share/ament_index/resource_index/packages
symbolically linking /home/nour-mahgoub/Graduation_Rafeeq/build/rafeeq_description/package.xml -> /home/nour-mahgoub/Graduation_Rafeeq/install/rafeeq_description/share/rafeeq_description
symbolically linking /home/nour-mahgoub/Graduation_Rafeeq/build/rafeeq_description/launch/view_robot.launch -> /home/nour-mahgoub/Graduation_Rafeeq/install/rafeeq_description/share/rafeeq_description/launch
symbolically linking /home/nour-mahgoub/Graduation_Rafeeq/build/rafeeq_description/launch/gazebo.launch.py -> /home/nour-mahgoub/Graduation_Rafeeq/install/rafeeq_description/share/rafeeq_description/launch
symbolically linking /home/nour-mahgoub/Graduation_Rafeeq/build/rafeeq_description/urdf/robot_description.urdf -> /home/nour-mahgoub/Graduation_Rafeeq/install/rafeeq_description/share/rafeeq_description/urdf
symbolically linking /home/nour-mahgoub/Graduation_Rafeeq/build/rafeeq_description/rviz/default_view.rviz -> /home/nour-mahgoub/Graduation_Rafeeq/install/rafeeq_description/share/rafeeq_description/rviz
symbolically linking /home/nour-mahgoub/Graduation_Rafeeq/build/rafeeq_description/meshes/LeftMotor.STL -> /home/nour-mahgoub/Graduation_Rafeeq/install/rafeeq_description/share/rafeeq_description/meshes
symbolically linking /home/nour-mahgoub/Graduation_Rafeeq/build/rafeeq_description/meshes/base_link.STL -> /home/nour-mahgoub/Graduation_Rafeeq/install/rafeeq_description/share/rafeeq_description/meshes
symbolically linking /home/nour-mahgoub/Graduation_Rafeeq/build/rafeeq_description/meshes/Lidar_Link.STL -> /home/nour-mahgoub/Graduation_Rafeeq/install/rafeeq_description/share/rafeeq_description/meshes
symbolically linking /home/nour-mahgoub/Graduation_Rafeeq/build/rafeeq_description/meshes/LeftWingWheel.STL -> /home/nour-mahgoub/Graduation_Rafeeq/install/rafeeq_description/share/rafeeq_description/meshes
symbolically linking /home/nour-mahgoub/Graduation_Rafeeq/build/rafeeq_description/meshes/Camera_Link.STL -> /home/nour-mahgoub/Graduation_Rafeeq/install/rafeeq_description/share/rafeeq_description/meshes
symbolically linking /home/nour-mahgoub/Graduation_Rafeeq/build/rafeeq_description/meshes/RightMotor.STL -> /home/nour-mahgoub/Graduation_Rafeeq/install/rafeeq_description/share/rafeeq_description/meshes
symbolically linking /home/nour-mahgoub/Graduation_Rafeeq/build/rafeeq_description/meshes/BackRightWheel.STL -> /home/nour-mahgoub/Graduation_Rafeeq/install/rafeeq_description/share/rafeeq_description/meshes
symbolically linking /home/nour-mahgoub/Graduation_Rafeeq/build/rafeeq_description/meshes/RightWingWheel.STL -> /home/nour-mahgoub/Graduation_Rafeeq/install/rafeeq_description/share/rafeeq_description/meshes
symbolically linking /home/nour-mahgoub/Graduation_Rafeeq/build/rafeeq_description/meshes/BackLeftWheel.STL -> /home/nour-mahgoub/Graduation_Rafeeq/install/rafeeq_description/share/rafeeq_description/meshes
symbolically linking /home/nour-mahgoub/Graduation_Rafeeq/build/rafeeq_description/world/world.world -> /home/nour-mahgoub/Graduation_Rafeeq/install/rafeeq_description/share/rafeeq_description/world
symbolically linking /home/nour-mahgoub/Graduation_Rafeeq/build/rafeeq_description/world/world.sdf -> /home/nour-mahgoub/Graduation_Rafeeq/install/rafeeq_description/share/rafeeq_description/world
