[0.955s] Invoking command in '/home/nour-mahgoub/Graduation_Rafeeq/build/usb_cam': CMAKE_PREFIX_PATH=${CMAKE_PREFIX_PATH}:/opt/ros/jazzy DEBUGINFOD_URLS=https://debuginfod.ubuntu.com /usr/bin/cmake --build /home/nour-mahgoub/Graduation_Rafeeq/build/usb_cam -- -j20 -l20
[1.018s] [  7%] [32mBuilding CXX object gtest/CMakeFiles/gtest.dir/src/gtest-all.cc.o[0m
[1.018s] [ 14%] [32mBuilding CXX object gtest/CMakeFiles/gtest_main.dir/src/gtest_main.cc.o[0m
[1.019s] [ 21%] [32mBuilding CXX object CMakeFiles/usb_cam.dir/src/usb_cam.cpp.o[0m
[1.021s] [ 28%] [32mBuilding CXX object CMakeFiles/usb_cam_node_exe.dir/rclcpp_components/node_main_usb_cam_node_exe.cpp.o[0m
[1.968s] [ 35%] [1m[32mLinking CXX static library libgtest_main.a[0m
[1.999s] [ 35%] Built target gtest_main
[3.052s] [ 42%] [1m[32mLinking CXX shared library libusb_cam.so[0m
[3.270s] [ 42%] Built target usb_cam
[3.290s] [ 50%] [32mBuilding CXX object CMakeFiles/usb_cam_node.dir/src/usb_cam_node.cpp.o[0m
[6.153s] [ 57%] [1m[32mLinking CXX static library libgtest.a[0m
[6.227s] [ 57%] Built target gtest
[6.246s] [ 64%] [32mBuilding CXX object CMakeFiles/test_usb_cam_utils.dir/test/test_usb_cam_utils.cpp.o[0m
[6.247s] [ 71%] [32mBuilding CXX object CMakeFiles/test_pixel_formats.dir/test/test_pixel_formats.cpp.o[0m
[6.937s] [ 78%] [1m[32mLinking CXX executable usb_cam_node_exe[0m
[7.193s] [ 78%] Built target usb_cam_node_exe
[7.537s] [ 85%] [1m[32mLinking CXX executable test_usb_cam_utils[0m
[7.902s] [ 85%] Built target test_usb_cam_utils
[8.987s] [ 92%] [1m[32mLinking CXX executable test_pixel_formats[0m
[9.371s] [ 92%] Built target test_pixel_formats
[13.043s] [100%] [1m[32mLinking CXX shared library libusb_cam_node.so[0m
[13.695s] [100%] Built target usb_cam_node
[13.704s] Invoked command in '/home/nour-mahgoub/Graduation_Rafeeq/build/usb_cam' returned '0': CMAKE_PREFIX_PATH=${CMAKE_PREFIX_PATH}:/opt/ros/jazzy DEBUGINFOD_URLS=https://debuginfod.ubuntu.com /usr/bin/cmake --build /home/nour-mahgoub/Graduation_Rafeeq/build/usb_cam -- -j20 -l20
[13.707s] Invoking command in '/home/nour-mahgoub/Graduation_Rafeeq/build/usb_cam': CMAKE_PREFIX_PATH=${CMAKE_PREFIX_PATH}:/opt/ros/jazzy DEBUGINFOD_URLS=https://debuginfod.ubuntu.com /usr/bin/cmake --install /home/nour-mahgoub/Graduation_Rafeeq/build/usb_cam
[13.715s] -- Install configuration: ""
[13.715s] -- Installing: /home/nour-mahgoub/Graduation_Rafeeq/install/usb_cam/share/usb_cam/environment/library_path.sh
[13.715s] -- Installing: /home/nour-mahgoub/Graduation_Rafeeq/install/usb_cam/share/usb_cam/environment/library_path.dsv
[13.716s] -- Installing: /home/nour-mahgoub/Graduation_Rafeeq/install/usb_cam/lib/usb_cam/usb_cam_node_exe
[13.717s] -- Set non-toolchain portion of runtime path of "/home/nour-mahgoub/Graduation_Rafeeq/install/usb_cam/lib/usb_cam/usb_cam_node_exe" to ""
[13.717s] -- Installing: /home/nour-mahgoub/Graduation_Rafeeq/install/usb_cam/lib/usb_cam/show_image.py
[13.717s] -- Installing: /home/nour-mahgoub/Graduation_Rafeeq/install/usb_cam/lib/libusb_cam.so
[13.719s] -- Installing: /home/nour-mahgoub/Graduation_Rafeeq/install/usb_cam/lib/libusb_cam_node.so
[13.728s] -- Set non-toolchain portion of runtime path of "/home/nour-mahgoub/Graduation_Rafeeq/install/usb_cam/lib/libusb_cam_node.so" to ""
[13.728s] -- Installing: /home/nour-mahgoub/Graduation_Rafeeq/install/usb_cam/include
[13.729s] -- Installing: /home/nour-mahgoub/Graduation_Rafeeq/install/usb_cam/include/usb_cam
[13.729s] -- Installing: /home/nour-mahgoub/Graduation_Rafeeq/install/usb_cam/include/usb_cam/usb_cam.hpp
[13.729s] -- Installing: /home/nour-mahgoub/Graduation_Rafeeq/install/usb_cam/include/usb_cam/formats
[13.729s] -- Installing: /home/nour-mahgoub/Graduation_Rafeeq/install/usb_cam/include/usb_cam/formats/av_pixel_format_helper.hpp
[13.730s] -- Installing: /home/nour-mahgoub/Graduation_Rafeeq/install/usb_cam/include/usb_cam/formats/pixel_format_base.hpp
[13.730s] -- Installing: /home/nour-mahgoub/Graduation_Rafeeq/install/usb_cam/include/usb_cam/formats/rgb.hpp
[13.730s] -- Installing: /home/nour-mahgoub/Graduation_Rafeeq/install/usb_cam/include/usb_cam/formats/utils.hpp
[13.731s] -- Installing: /home/nour-mahgoub/Graduation_Rafeeq/install/usb_cam/include/usb_cam/formats/mjpeg.hpp
[13.731s] -- Installing: /home/nour-mahgoub/Graduation_Rafeeq/install/usb_cam/include/usb_cam/formats/mono.hpp
[13.732s] -- Installing: /home/nour-mahgoub/Graduation_Rafeeq/install/usb_cam/include/usb_cam/formats/yuyv.hpp
[13.732s] -- Installing: /home/nour-mahgoub/Graduation_Rafeeq/install/usb_cam/include/usb_cam/formats/uyvy.hpp
[13.732s] -- Installing: /home/nour-mahgoub/Graduation_Rafeeq/install/usb_cam/include/usb_cam/formats/m420.hpp
[13.732s] -- Installing: /home/nour-mahgoub/Graduation_Rafeeq/install/usb_cam/include/usb_cam/utils.hpp
[13.733s] -- Installing: /home/nour-mahgoub/Graduation_Rafeeq/install/usb_cam/include/usb_cam/constants.hpp
[13.733s] -- Installing: /home/nour-mahgoub/Graduation_Rafeeq/install/usb_cam/include/usb_cam/conversions.hpp
[13.733s] -- Installing: /home/nour-mahgoub/Graduation_Rafeeq/install/usb_cam/include/usb_cam/usb_cam_node.hpp
[13.734s] -- Up-to-date: /home/nour-mahgoub/Graduation_Rafeeq/install/usb_cam/lib/libusb_cam_node.so
[13.734s] -- Installing: /home/nour-mahgoub/Graduation_Rafeeq/install/usb_cam/share/usb_cam/launch
[13.734s] -- Installing: /home/nour-mahgoub/Graduation_Rafeeq/install/usb_cam/share/usb_cam/launch/camera.launch.py
[13.734s] -- Installing: /home/nour-mahgoub/Graduation_Rafeeq/install/usb_cam/share/usb_cam/launch/__init__.py
[13.735s] -- Installing: /home/nour-mahgoub/Graduation_Rafeeq/install/usb_cam/share/usb_cam/launch/camera_config.py
[13.735s] -- Installing: /home/nour-mahgoub/Graduation_Rafeeq/install/usb_cam/share/usb_cam/config
[13.735s] -- Installing: /home/nour-mahgoub/Graduation_Rafeeq/install/usb_cam/share/usb_cam/config/params_2.yaml
[13.735s] -- Installing: /home/nour-mahgoub/Graduation_Rafeeq/install/usb_cam/share/usb_cam/config/params_1.yaml
[13.735s] -- Installing: /home/nour-mahgoub/Graduation_Rafeeq/install/usb_cam/share/usb_cam/config/camera_info.yaml
[13.736s] -- Installing: /home/nour-mahgoub/Graduation_Rafeeq/install/usb_cam/share/ament_index/resource_index/package_run_dependencies/usb_cam
[13.736s] -- Installing: /home/nour-mahgoub/Graduation_Rafeeq/install/usb_cam/share/ament_index/resource_index/parent_prefix_path/usb_cam
[13.736s] -- Installing: /home/nour-mahgoub/Graduation_Rafeeq/install/usb_cam/share/usb_cam/environment/ament_prefix_path.sh
[13.736s] -- Installing: /home/nour-mahgoub/Graduation_Rafeeq/install/usb_cam/share/usb_cam/environment/ament_prefix_path.dsv
[13.737s] -- Installing: /home/nour-mahgoub/Graduation_Rafeeq/install/usb_cam/share/usb_cam/environment/path.sh
[13.737s] -- Installing: /home/nour-mahgoub/Graduation_Rafeeq/install/usb_cam/share/usb_cam/environment/path.dsv
[13.737s] -- Installing: /home/nour-mahgoub/Graduation_Rafeeq/install/usb_cam/share/usb_cam/local_setup.bash
[13.737s] -- Installing: /home/nour-mahgoub/Graduation_Rafeeq/install/usb_cam/share/usb_cam/local_setup.sh
[13.737s] -- Installing: /home/nour-mahgoub/Graduation_Rafeeq/install/usb_cam/share/usb_cam/local_setup.zsh
[13.738s] -- Installing: /home/nour-mahgoub/Graduation_Rafeeq/install/usb_cam/share/usb_cam/local_setup.dsv
[13.738s] -- Installing: /home/nour-mahgoub/Graduation_Rafeeq/install/usb_cam/share/usb_cam/package.dsv
[13.738s] -- Installing: /home/nour-mahgoub/Graduation_Rafeeq/install/usb_cam/share/ament_index/resource_index/packages/usb_cam
[13.738s] -- Installing: /home/nour-mahgoub/Graduation_Rafeeq/install/usb_cam/share/ament_index/resource_index/rclcpp_components/usb_cam
[13.739s] -- Installing: /home/nour-mahgoub/Graduation_Rafeeq/install/usb_cam/share/usb_cam/cmake/ament_cmake_export_libraries-extras.cmake
[13.739s] -- Installing: /home/nour-mahgoub/Graduation_Rafeeq/install/usb_cam/share/usb_cam/cmake/ament_cmake_export_dependencies-extras.cmake
[13.739s] -- Installing: /home/nour-mahgoub/Graduation_Rafeeq/install/usb_cam/share/usb_cam/cmake/ament_cmake_export_include_directories-extras.cmake
[13.739s] -- Installing: /home/nour-mahgoub/Graduation_Rafeeq/install/usb_cam/share/usb_cam/cmake/usb_camConfig.cmake
[13.739s] -- Installing: /home/nour-mahgoub/Graduation_Rafeeq/install/usb_cam/share/usb_cam/cmake/usb_camConfig-version.cmake
[13.739s] -- Installing: /home/nour-mahgoub/Graduation_Rafeeq/install/usb_cam/share/usb_cam/package.xml
[13.741s] Invoked command in '/home/nour-mahgoub/Graduation_Rafeeq/build/usb_cam' returned '0': CMAKE_PREFIX_PATH=${CMAKE_PREFIX_PATH}:/opt/ros/jazzy DEBUGINFOD_URLS=https://debuginfod.ubuntu.com /usr/bin/cmake --install /home/nour-mahgoub/Graduation_Rafeeq/build/usb_cam
