-- Found ament_cmake_auto: 2.5.6 (/opt/ros/jazzy/share/ament_cmake_auto/cmake)
-- Override CMake install command with custom implementation using symlinks instead of copying resources
-- Found rosidl_generator_c: 4.6.7 (/opt/ros/jazzy/share/rosidl_generator_c/cmake)
-- Found rosidl_generator_cpp: 4.6.7 (/opt/ros/jazzy/share/rosidl_generator_cpp/cmake)
-- Using all available rosidl_typesupport_c: rosidl_typesupport_fastrtps_c;rosidl_typesupport_introspection_c
-- Using all available rosidl_typesupport_cpp: rosidl_typesupport_fastrtps_cpp;rosidl_typesupport_introspection_cpp
-- Found rmw_implementation_cmake: 7.3.3 (/opt/ros/jazzy/share/rmw_implementation_cmake/cmake)
-- Found rmw_cyclonedds_cpp: 2.2.3 (/opt/ros/jazzy/share/rmw_cyclonedds_cpp/cmake)
-- Using RMW implementation 'rmw_cyclonedds_cpp' as default
-- Setting yaml-cpp_DIR to: '/opt/ros/jazzy/share/yaml_cpp_vendor/cmake/../../../opt/yaml_cpp_vendor/share/cmake/yaml-cpp'
-- Found TinyXML2 via Config file: /usr/lib/x86_64-linux-gnu/cmake/tinyxml2
-- Found rosidl_adapter: 4.6.7 (/opt/ros/jazzy/share/rosidl_adapter/cmake)
-- Found ament_lint_auto: 0.17.5 (/opt/ros/jazzy/share/ament_lint_auto/cmake)
-- Found gtest sources under '/opt/ros/jazzy/src/gtest_vendor': C++ tests using 'Google Test' will be built
-- Added test 'copyright' to check source files copyright and LICENSE
-- Added test 'cppcheck' to perform static code analysis on C / C++ code
-- Configured cppcheck include dirs: /home/nour-mahgoub/Graduation_Rafeeq/src/usb_cam/include
-- Configured cppcheck exclude dirs and/or files: 
-- Added test 'cpplint' to check C / C++ code against the Google style
-- Configured cpplint exclude dirs and/or files: 
-- Added test 'flake8' to check Python code syntax and style conventions
-- Configured 'flake8' exclude dirs and/or files: 
-- Added test 'lint_cmake' to check CMake code style
-- Added test 'pep257' to check Python code against some of the docstring style conventions in PEP 257
-- Added test 'uncrustify' to check C / C++ code style
-- Configured uncrustify additional arguments: 
-- Added test 'xmllint' to check XML markup files
-- Configuring done (0.7s)
-- Generating done (0.0s)
-- Build files have been written to: /home/nour-mahgoub/Graduation_Rafeeq/build/usb_cam
[ 28%] Built target gtest
[ 28%] Built target gtest_main
[ 42%] Built target usb_cam
[ 50%] [1m[32mLinking CXX executable usb_cam_node_exe[0m
[ 64%] Built target test_pixel_formats
[ 78%] Built target test_usb_cam_utils
[ 85%] [1m[32mLinking CXX shared library libusb_cam_node.so[0m
[ 92%] Built target usb_cam_node_exe
[100%] Built target usb_cam_node
-- Install configuration: ""
-- Execute custom install script
-- Symlinking: /home/nour-mahgoub/Graduation_Rafeeq/install/usb_cam/share/usb_cam/environment/library_path.sh
-- Symlinking: /home/nour-mahgoub/Graduation_Rafeeq/install/usb_cam/share/usb_cam/environment/library_path.dsv
-- Symlinking: /home/nour-mahgoub/Graduation_Rafeeq/install/usb_cam/lib/usb_cam/usb_cam_node_exe
-- Symlinking: /home/nour-mahgoub/Graduation_Rafeeq/install/usb_cam/lib/usb_cam/show_image.py
-- Symlinking: /home/nour-mahgoub/Graduation_Rafeeq/install/usb_cam/lib/libusb_cam.so
-- Symlinking: /home/nour-mahgoub/Graduation_Rafeeq/install/usb_cam/lib/libusb_cam_node.so
-- Symlinking: /home/nour-mahgoub/Graduation_Rafeeq/install/usb_cam/include/usb_cam/constants.hpp
-- Symlinking: /home/nour-mahgoub/Graduation_Rafeeq/install/usb_cam/include/usb_cam/conversions.hpp
-- Symlinking: /home/nour-mahgoub/Graduation_Rafeeq/install/usb_cam/include/usb_cam/formats/av_pixel_format_helper.hpp
-- Symlinking: /home/nour-mahgoub/Graduation_Rafeeq/install/usb_cam/include/usb_cam/formats/m420.hpp
-- Symlinking: /home/nour-mahgoub/Graduation_Rafeeq/install/usb_cam/include/usb_cam/formats/mjpeg.hpp
-- Symlinking: /home/nour-mahgoub/Graduation_Rafeeq/install/usb_cam/include/usb_cam/formats/mono.hpp
-- Symlinking: /home/nour-mahgoub/Graduation_Rafeeq/install/usb_cam/include/usb_cam/formats/pixel_format_base.hpp
-- Symlinking: /home/nour-mahgoub/Graduation_Rafeeq/install/usb_cam/include/usb_cam/formats/rgb.hpp
-- Symlinking: /home/nour-mahgoub/Graduation_Rafeeq/install/usb_cam/include/usb_cam/formats/utils.hpp
-- Symlinking: /home/nour-mahgoub/Graduation_Rafeeq/install/usb_cam/include/usb_cam/formats/uyvy.hpp
-- Symlinking: /home/nour-mahgoub/Graduation_Rafeeq/install/usb_cam/include/usb_cam/formats/yuyv.hpp
-- Symlinking: /home/nour-mahgoub/Graduation_Rafeeq/install/usb_cam/include/usb_cam/usb_cam.hpp
-- Symlinking: /home/nour-mahgoub/Graduation_Rafeeq/install/usb_cam/include/usb_cam/usb_cam_node.hpp
-- Symlinking: /home/nour-mahgoub/Graduation_Rafeeq/install/usb_cam/include/usb_cam/utils.hpp
-- Up-to-date symlink: /home/nour-mahgoub/Graduation_Rafeeq/install/usb_cam/lib/libusb_cam_node.so
-- Symlinking: /home/nour-mahgoub/Graduation_Rafeeq/install/usb_cam/share/usb_cam/launch/__init__.py
-- Symlinking: /home/nour-mahgoub/Graduation_Rafeeq/install/usb_cam/share/usb_cam/launch/camera.launch.py
-- Symlinking: /home/nour-mahgoub/Graduation_Rafeeq/install/usb_cam/share/usb_cam/launch/camera_config.py
-- Symlinking: /home/nour-mahgoub/Graduation_Rafeeq/install/usb_cam/share/usb_cam/config/camera_info.yaml
-- Symlinking: /home/nour-mahgoub/Graduation_Rafeeq/install/usb_cam/share/usb_cam/config/params_1.yaml
-- Symlinking: /home/nour-mahgoub/Graduation_Rafeeq/install/usb_cam/share/usb_cam/config/params_2.yaml
-- Symlinking: /home/nour-mahgoub/Graduation_Rafeeq/install/usb_cam/share/ament_index/resource_index/package_run_dependencies/usb_cam
-- Symlinking: /home/nour-mahgoub/Graduation_Rafeeq/install/usb_cam/share/ament_index/resource_index/parent_prefix_path/usb_cam
-- Symlinking: /home/nour-mahgoub/Graduation_Rafeeq/install/usb_cam/share/usb_cam/environment/ament_prefix_path.sh
-- Symlinking: /home/nour-mahgoub/Graduation_Rafeeq/install/usb_cam/share/usb_cam/environment/ament_prefix_path.dsv
-- Symlinking: /home/nour-mahgoub/Graduation_Rafeeq/install/usb_cam/share/usb_cam/environment/path.sh
-- Symlinking: /home/nour-mahgoub/Graduation_Rafeeq/install/usb_cam/share/usb_cam/environment/path.dsv
-- Symlinking: /home/nour-mahgoub/Graduation_Rafeeq/install/usb_cam/share/usb_cam/local_setup.bash
-- Symlinking: /home/nour-mahgoub/Graduation_Rafeeq/install/usb_cam/share/usb_cam/local_setup.sh
-- Symlinking: /home/nour-mahgoub/Graduation_Rafeeq/install/usb_cam/share/usb_cam/local_setup.zsh
-- Symlinking: /home/nour-mahgoub/Graduation_Rafeeq/install/usb_cam/share/usb_cam/local_setup.dsv
-- Symlinking: /home/nour-mahgoub/Graduation_Rafeeq/install/usb_cam/share/usb_cam/package.dsv
-- Symlinking: /home/nour-mahgoub/Graduation_Rafeeq/install/usb_cam/share/ament_index/resource_index/packages/usb_cam
-- Symlinking: /home/nour-mahgoub/Graduation_Rafeeq/install/usb_cam/share/ament_index/resource_index/rclcpp_components/usb_cam
-- Symlinking: /home/nour-mahgoub/Graduation_Rafeeq/install/usb_cam/share/usb_cam/cmake/ament_cmake_export_libraries-extras.cmake
-- Symlinking: /home/nour-mahgoub/Graduation_Rafeeq/install/usb_cam/share/usb_cam/cmake/ament_cmake_export_dependencies-extras.cmake
-- Symlinking: /home/nour-mahgoub/Graduation_Rafeeq/install/usb_cam/share/usb_cam/cmake/ament_cmake_export_include_directories-extras.cmake
-- Symlinking: /home/nour-mahgoub/Graduation_Rafeeq/install/usb_cam/share/usb_cam/cmake/usb_camConfig.cmake
-- Symlinking: /home/nour-mahgoub/Graduation_Rafeeq/install/usb_cam/share/usb_cam/cmake/usb_camConfig-version.cmake
-- Symlinking: /home/nour-mahgoub/Graduation_Rafeeq/install/usb_cam/share/usb_cam/package.xml
